Component: ARM Compiler 5.06 update 3 (build 300) Tool: armlink [4d35c9]

==============================================================================

Section Cross References

    main.o(.text) refers to _printf_percent.o(.ARM.Collect$$_printf_percent$$00000000) for _printf_percent
    main.o(.text) refers to _printf_d.o(.ARM.Collect$$_printf_percent$$00000009) for _printf_d
    main.o(.text) refers to _printf_dec.o(.text) for _printf_int_dec
    main.o(.text) refers to _printf_s.o(.ARM.Collect$$_printf_percent$$00000014) for _printf_s
    main.o(.text) refers to _printf_str.o(.text) for _printf_str
    main.o(.text) refers to hc05.o(.text) for HC05_Get_Role
    main.o(.text) refers to lcd.o(.text) for LCD_ShowString
    main.o(.text) refers to delay.o(.text) for delay_init
    main.o(.text) refers to misc.o(.text) for NVIC_PriorityGroupConfig
    main.o(.text) refers to usart.o(.text) for uart_init
    main.o(.text) refers to led.o(.text) for LED_Init
    main.o(.text) refers to key.o(.text) for KEY_Init
    main.o(.text) refers to __2sprintf.o(.text) for __2sprintf
    main.o(.text) refers to __2printf.o(.text) for __2printf
    main.o(.text) refers to usart2.o(.text) for u2_printf
    main.o(.text) refers to strcmpv7m.o(.text) for strcmp
    main.o(.text) refers to strlen.o(.text) for strlen
    main.o(.text) refers to touch.o(.data) for tp_dev
    main.o(.text) refers to lcd.o(.data) for POINT_COLOR
    main.o(.text) refers to main.o(.data) for sed
    main.o(.text) refers to main.o(.bss) for timestr
    main.o(.text) refers to usart2.o(.data) for USART2_RX_STA
    main.o(.text) refers to usart2.o(.bss) for USART2_RX_BUF
    main.o(.text) refers to lcd.o(.bss) for lcddev
    main.o(.text) refers to usart.o(.bss) for USART_RX_BUF
    system_stm32f10x.o(.text) refers to system_stm32f10x.o(.data) for SystemCoreClock
    led.o(.text) refers to stm32f10x_rcc.o(.text) for RCC_APB2PeriphClockCmd
    led.o(.text) refers to stm32f10x_gpio.o(.text) for GPIO_Init
    lcd.o(.text) refers to _printf_percent.o(.ARM.Collect$$_printf_percent$$00000000) for _printf_percent
    lcd.o(.text) refers to _printf_x.o(.ARM.Collect$$_printf_percent$$0000000C) for _printf_x
    lcd.o(.text) refers to _printf_hex_int_ll_ptr.o(.text) for _printf_longlong_hex
    lcd.o(.text) refers to delay.o(.text) for delay_us
    lcd.o(.text) refers to lcd.o(.bss) for lcddev
    lcd.o(.text) refers to dflt_clz.o(x$fpl$dfltu) for __aeabi_ui2d
    lcd.o(.text) refers to dmul.o(x$fpl$dmul) for __aeabi_dmul
    lcd.o(.text) refers to dfixu.o(x$fpl$dfixu) for __aeabi_d2uiz
    lcd.o(.text) refers to lcd.o(.data) for POINT_COLOR
    lcd.o(.text) refers to stm32f10x_rcc.o(.text) for RCC_APB2PeriphClockCmd
    lcd.o(.text) refers to stm32f10x_gpio.o(.text) for GPIO_PinRemapConfig
    lcd.o(.text) refers to __2printf.o(.text) for __2printf
    lcd.o(.text) refers to lcd.o(.constdata) for asc2_1206
    key.o(.text) refers to stm32f10x_rcc.o(.text) for RCC_APB2PeriphClockCmd
    key.o(.text) refers to stm32f10x_gpio.o(.text) for GPIO_PinRemapConfig
    key.o(.text) refers to delay.o(.text) for delay_ms
    key.o(.text) refers to key.o(.data) for key_up
    hc05.o(.text) refers to _printf_percent.o(.ARM.Collect$$_printf_percent$$00000000) for _printf_percent
    hc05.o(.text) refers to _printf_s.o(.ARM.Collect$$_printf_percent$$00000014) for _printf_s
    hc05.o(.text) refers to _printf_str.o(.text) for _printf_str
    hc05.o(.text) refers to stm32f10x_rcc.o(.text) for RCC_APB2PeriphClockCmd
    hc05.o(.text) refers to stm32f10x_gpio.o(.text) for GPIO_Init
    hc05.o(.text) refers to usart2.o(.text) for USART2_Init
    hc05.o(.text) refers to delay.o(.text) for delay_ms
    hc05.o(.text) refers to __2printf.o(.text) for __2printf
    hc05.o(.text) refers to usart2.o(.data) for USART2_RX_STA
    hc05.o(.text) refers to usart2.o(.bss) for USART2_RX_BUF
    usart2.o(.text) refers to stm32f10x_tim.o(.text) for TIM_SetCounter
    usart2.o(.text) refers to stm32f10x_usart.o(.text) for USART_GetITStatus
    usart2.o(.text) refers to stm32f10x_rcc.o(.text) for RCC_APB1PeriphClockCmd
    usart2.o(.text) refers to misc.o(.text) for NVIC_Init
    usart2.o(.text) refers to stm32f10x_dma.o(.text) for DMA_DeInit
    usart2.o(.text) refers to stm32f10x_gpio.o(.text) for GPIO_Init
    usart2.o(.text) refers to c89vsprintf.o(.text) for __c89vsprintf
    usart2.o(.text) refers to strlen.o(.text) for strlen
    usart2.o(.text) refers to usart2.o(.data) for USART2_RX_STA
    usart2.o(.text) refers to usart2.o(.bss) for USART2_RX_BUF
    myiic.o(.text) refers to stm32f10x_rcc.o(.text) for RCC_APB2PeriphClockCmd
    myiic.o(.text) refers to stm32f10x_gpio.o(.text) for GPIO_Init
    myiic.o(.text) refers to delay.o(.text) for delay_us
    24cxx.o(.text) refers to myiic.o(.text) for IIC_Init
    24cxx.o(.text) refers to delay.o(.text) for delay_ms
    ctiic.o(.text) refers to delay.o(.text) for delay_us
[...]
    _printf_wc                                - Undefined Weak Reference
    _rand_init                                - Undefined Weak Reference
    _signal_finish                            - Undefined Weak Reference
    _signal_init                              - Undefined Weak Reference
    _terminate_alloc                          - Undefined Weak Reference
    _terminate_user_alloc                     - Undefined Weak Reference
    _terminateio                              - Undefined Weak Reference
    __Vectors_Size                           0x00000130   Number         0  startup_stm32f10x_hd.o ABSOLUTE
    __Vectors                                0x08000000   Data           4  startup_stm32f10x_hd.o(RESET)
    __Vectors_End                            0x08000130   Data           0  startup_stm32f10x_hd.o(RESET)
    __main                                   0x08000131   Thumb Code     8  __main.o(!!!main)
    __scatterload                            0x08000139   Thumb Code     0  __scatter.o(!!!scatter)
    __scatterload_rt2                        0x08000139   Thumb Code    44  __scatter.o(!!!scatter)
    __scatterload_rt2_thumb_only             0x08000139   Thumb Code     0  __scatter.o(!!!scatter)
    __scatterload_null                       0x08000147   Thumb Code     0  __scatter.o(!!!scatter)
    __scatterload_copy                       0x0800016d   Thumb Code    26  __scatter_copy.o(!!handler_copy)
    __scatterload_zeroinit                   0x08000189   Thumb Code    28  __scatter_zi.o(!!handler_zi)
    _printf_n                                0x080001a5   Thumb Code     0  _printf_n.o(.ARM.Collect$$_printf_percent$$00000001)
    _printf_percent                          0x080001a5   Thumb Code     0  _printf_percent.o(.ARM.Collect$$_printf_percent$$00000000)
    _printf_p                                0x080001ab   Thumb Code     0  _printf_p.o(.ARM.Collect$$_printf_percent$$00000002)
    _printf_f                                0x080001b1   Thumb Code     0  _printf_f.o(.ARM.Collect$$_printf_percent$$00000003)
    _printf_e                                0x080001b7   Thumb Code     0  _printf_e.o(.ARM.Collect$$_printf_percent$$00000004)
    _printf_g                                0x080001bd   Thumb Code     0  _printf_g.o(.ARM.Collect$$_printf_percent$$00000005)
    _printf_a                                0x080001c3   Thumb Code     0  _printf_a.o(.ARM.Collect$$_printf_percent$$00000006)
    _printf_ll                               0x080001c9   Thumb Code     0  _printf_ll.o(.ARM.Collect$$_printf_percent$$00000007)
    _printf_i                                0x080001d3   Thumb Code     0  _printf_i.o(.ARM.Collect$$_printf_percent$$00000008)
    _printf_d                                0x080001d9   Thumb Code     0  _printf_d.o(.ARM.Collect$$_printf_percent$$00000009)
    _printf_u                                0x080001df   Thumb Code     0  _printf_u.o(.ARM.Collect$$_printf_percent$$0000000A)
    _printf_o                                0x080001e5   Thumb Code     0  _printf_o.o(.ARM.Collect$$_printf_percent$$0000000B)
    _printf_x                                0x080001eb   Thumb Code     0  _printf_x.o(.ARM.Collect$$_printf_percent$$0000000C)
    _printf_lli                              0x080001f1   Thumb Code     0  _printf_lli.o(.ARM.Collect$$_printf_percent$$0000000D)
    _printf_lld                              0x080001f7   Thumb Code     0  _printf_lld.o(.ARM.Collect$$_printf_percent$$0000000E)
    _printf_llu                              0x080001fd   Thumb Code     0  _printf_llu.o(.ARM.Collect$$_printf_percent$$0000000F)
    _printf_llo                              0x08000203   Thumb Code     0  _printf_llo.o(.ARM.Collect$$_printf_percent$$00000010)
    _printf_llx                              0x08000209   Thumb Code     0  _printf_llx.o(.ARM.Collect$$_printf_percent$$00000011)
    _printf_l                                0x0800020f   Thumb Code     0  _printf_l.o(.ARM.Collect$$_printf_percent$$00000012)
    _printf_c                                0x08000219   Thumb Code     0  _printf_c.o(.ARM.Collect$$_printf_percent$$00000013)
    _printf_s                                0x0800021f   Thumb Code     0  _printf_s.o(.ARM.Collect$$_printf_percent$$00000014)
    _printf_lc                               0x08000225   Thumb Code     0  _printf_lc.o(.ARM.Collect$$_printf_percent$$00000015)
    _printf_ls                               0x0800022b   Thumb Code     0  _printf_ls.o(.ARM.Collect$$_printf_percent$$00000016)
    _printf_percent_end                      0x08000231   Thumb Code     0  _printf_percent_end.o(.ARM.Collect$$_printf_percent$$00000017)
    __rt_lib_init                            0x08000235   Thumb Code     0  libinit.o(.ARM.Collect$$libinit$$00000000)
    __rt_lib_init_fp_1                       0x08000237   Thumb Code     0  libinit2.o(.ARM.Collect$$libinit$$00000002)
    __rt_lib_init_heap_1                     0x08000237   Thumb Code     0  libinit2.o(.ARM.Collect$$libinit$$0000000A)
    __rt_lib_init_lc_common                  0x08000237   Thumb Code     0  libinit2.o(.ARM.Collect$$libinit$$0000000F)
    __rt_lib_init_preinit_1                  0x08000237   Thumb Code     0  libinit2.o(.ARM.Collect$$libinit$$00000004)
    __rt_lib_init_rand_1                     0x08000237   Thumb Code     0  libinit2.o(.ARM.Collect$$libinit$$0000000E)
    __rt_lib_init_user_alloc_1               0x08000237   Thumb Code     0  libinit2.o(.ARM.Collect$$libinit$$0000000C)
    __rt_lib_init_lc_collate_1               0x0800023d   Thumb Code     0  libinit2.o(.ARM.Collect$$libinit$$00000011)
    __rt_lib_init_lc_ctype_2                 0x0800023d   Thumb Code     0  libinit2.o(.ARM.Collect$$libinit$$00000012)
    __rt_lib_init_lc_ctype_1                 0x08000249   Thumb Code     0  libinit2.o(.ARM.Collect$$libinit$$00000013)
    __rt_lib_init_lc_monetary_1              0x08000249   Thumb Code     0  libinit2.o(.ARM.Collect$$libinit$$00000015)
    __rt_lib_init_lc_numeric_2               0x08000249   Thumb Code     0  libinit2.o(.ARM.Collect$$libinit$$00000016)
    __rt_lib_init_alloca_1                   0x08000253   Thumb Code     0  libinit2.o(.ARM.Collect$$libinit$$0000002E)
    __rt_lib_init_argv_1                     0x08000253   Thumb Code     0  libinit2.o(.ARM.Collect$$libinit$$0000002C)
    __rt_lib_init_atexit_1                   0x08000253   Thumb Code     0  libinit2.o(.ARM.Collect$$libinit$$0000001B)
    __rt_lib_init_clock_1                    0x08000253   Thumb Code     0  libinit2.o(.ARM.Collect$$libinit$$00000021)
    __rt_lib_init_cpp_1                      0x08000253   Thumb Code     0  libinit2.o(.ARM.Collect$$libinit$$00000032)
    __rt_lib_init_exceptions_1               0x08000253   Thumb Code     0  libinit2.o(.ARM.Collect$$libinit$$00000030)
    __rt_lib_init_fp_trap_1                  0x08000253   Thumb Code     0  libinit2.o(.ARM.Collect$$libinit$$0000001F)
    __rt_lib_init_getenv_1                   0x08000253   Thumb Code     0  libinit2.o(.ARM.Collect$$libinit$$00000023)
    __rt_lib_init_lc_numeric_1               0x08000253   Thumb Code     0  libinit2.o(.ARM.Collect$$libinit$$00000017)
    __rt_lib_init_lc_time_1                  0x08000253   Thumb Code     0  libinit2.o(.ARM.Collect$$libinit$$00000019)
    __rt_lib_init_return                     0x08000253   Thumb Code     0  libinit2.o(.ARM.Collect$$libinit$$00000033)
    __rt_lib_init_signal_1                   0x08000253   Thumb Code     0  libinit2.o(.ARM.Collect$$libinit$$0000001D)
    __rt_lib_init_stdio_1                    0x08000253   Thumb Code     0  libinit2.o(.ARM.Collect$$libinit$$00000025)
    __rt_lib_shutdown                        0x08000255   Thumb Code     0  libshutdown.o(.ARM.Collect$$libshutdown$$00000000)
    __rt_lib_shutdown_cpp_1                  0x08000257   Thumb Code     0  libshutdown2.o(.ARM.Collect$$libshutdown$$00000002)
    __rt_lib_shutdown_fp_trap_1              0x08000257   Thumb Code     0  libshutdown2.o(.ARM.Collect$$libshutdown$$00000007)
    __rt_lib_shutdown_heap_1                 0x08000257   Thumb Code     0  libshutdown2.o(.ARM.Collect$$libshutdown$$0000000F)
    __rt_lib_shutdown_return                 0x08000257   Thumb Code     0  libshutdown2.o(.ARM.Collect$$libshutdown$$00000010)
    __rt_lib_shutdown_signal_1               0x08000257   Thumb Code     0  libshutdown2.o(.ARM.Collect$$libshutdown$$0000000A)
    __rt_lib_shutdown_stdio_1                0x08000257   Thumb Code     0  libshutdown2.o(.ARM.Collect$$libshutdown$$00000004)
    __rt_lib_shutdown_user_alloc_1           0x08000257   Thumb Code     0  libshutdown2.o(.ARM.Collect$$libshutdown$$0000000C)
    __rt_entry                               0x08000259   Thumb Code     0  __rtentry.o(.ARM.Collect$$rtentry$$00000000)
    __rt_entry_presh_1                       0x08000259   Thumb Code     0  __rtentry2.o(.ARM.Collect$$rtentry$$00000002)
    __rt_entry_sh                            0x08000259   Thumb Code     0  __rtentry4.o(.ARM.Collect$$rtentry$$00000004)
    __rt_entry_li                            0x0800025f   Thumb Code     0  __rtentry2.o(.ARM.Collect$$rtentry$$0000000A)
    __rt_entry_postsh_1                      0x0800025f   Thumb Code     0  __rtentry2.o(.ARM.Collect$$rtentry$$00000009)
    __rt_entry_main                          0x08000263   Thumb Code     0  __rtentry2.o(.ARM.Collect$$rtentry$$0000000D)
    __rt_entry_postli_1                      0x08000263   Thumb Code     0  __rtentry2.o(.ARM.Collect$$rtentry$$0000000C)
    __rt_exit                                0x0800026b   Thumb Code     0  rtexit.o(.ARM.Collect$$rtexit$$00000000)
    __rt_exit_ls                             0x0800026d   Thumb Code     0  rtexit2.o(.ARM.Collect$$rtexit$$00000003)
    __rt_exit_prels_1                        0x0800026d   Thumb Code     0  rtexit2.o(.ARM.Collect$$rtexit$$00000002)
    __rt_exit_exit                           0x08000271   Thumb Code     0  rtexit2.o(.ARM.Collect$$rtexit$$00000004)
    HC05_Role_Show                           0x08000279   Thumb Code    54  main.o(.text)
    HC05_Sta_Show                            0x080002af   Thumb Code    52  main.o(.text)
    clear_buffer                             0x080002e3   Thumb Code    18  main.o(.text)
    main                                     0x080002f5   Thumb Code  2088  main.o(.text)
    NMI_Handler                              0x08000b81   Thumb Code     2  stm32f10x_it.o(.text)
    HardFault_Handler                        0x08000b83   Thumb Code     4  stm32f10x_it.o(.text)
    MemManage_Handler                        0x08000b87   Thumb Code     4  stm32f10x_it.o(.text)
    BusFault_Handler                         0x08000b8b   Thumb Code     4  stm32f10x_it.o(.text)
    UsageFault_Handler                       0x08000b8f   Thumb Code     4  stm32f10x_it.o(.text)
    SVC_Handler                              0x08000b93   Thumb Code     2  stm32f10x_it.o(.text)
    DebugMon_Handler                         0x08000b95   Thumb Code     2  stm32f10x_it.o(.text)
    PendSV_Handler                           0x08000b97   Thumb Code     2  stm32f10x_it.o(.text)
    SysTick_Handler                          0x08000b99   Thumb Code     2  stm32f10x_it.o(.text)
    SystemInit                               0x08000c7b   Thumb Code    78  system_stm32f10x.o(.text)
    SystemCoreClockUpdate                    0x08000cc9   Thumb Code   142  system_stm32f10x.o(.text)
    LED_Init                                 0x08000d7d   Thumb Code    72  led.o(.text)
    LCD_WR_REG                               0x08000dcd   Thumb Code    28  lcd.o(.text)
    LCD_WR_DATAX                             0x08000de9   Thumb Code    28  lcd.o(.text)
    LCD_RD_DATA                              0x08000e05   Thumb Code    98  lcd.o(.text)
    LCD_WriteReg                             0x08000e67   Thumb Code    40  lcd.o(.text)
    LCD_ReadReg                              0x08000e8f   Thumb Code    16  lcd.o(.text)
    LCD_WriteRAM_Prepare                     0x08000e9f   Thumb Code    12  lcd.o(.text)
    LCD_WriteRAM                             0x08000eab   Thumb Code    28  lcd.o(.text)
    LCD_BGR2RGB                              0x08000ec7   Thumb Code    26  lcd.o(.text)
    opt_delay                                0x08000ee1   Thumb Code    14  lcd.o(.text)
    LCD_SetCursor                            0x08000eef   Thumb Code   956  lcd.o(.text)
    LCD_ReadPoint                            0x080012ab   Thumb Code   506  lcd.o(.text)
    LCD_DisplayOn                            0x080014a5   Thumb Code    92  lcd.o(.text)
    LCD_DisplayOff                           0x08001501   Thumb Code    90  lcd.o(.text)
    LCD_Scan_Dir                             0x0800155b   Thumb Code  1126  lcd.o(.text)
    LCD_DrawPoint                            0x080019c1   Thumb Code    52  lcd.o(.text)
    LCD_Fast_DrawPoint                       0x080019f5   Thumb Code   854  lcd.o(.text)
    LCD_SSD_BackLightSet                     0x08001d4b   Thumb Code   220  lcd.o(.text)
    LCD_Display_Dir                          0x08001e27   Thumb Code   444  lcd.o(.text)
    LCD_Set_Window                           0x08001fe3   Thumb Code  1078  lcd.o(.text)
    LCD_Clear                                0x08002419   Thumb Code   122  lcd.o(.text)
    LCD_Init                                 0x08002493   Thumb Code 15298  lcd.o(.text)
    LCD_Fill                                 0x08006055   Thumb Code   200  lcd.o(.text)
    LCD_Color_Fill                           0x0800611d   Thumb Code   116  lcd.o(.text)
    LCD_DrawLine                             0x08006191   Thumb Code   176  lcd.o(.text)
    LCD_DrawRectangle                        0x08006241   Thumb Code    60  lcd.o(.text)
    LCD_Draw_Circle                          0x0800627d   Thumb Code   152  lcd.o(.text)
    LCD_ShowChar                             0x08006315   Thumb Code   272  lcd.o(.text)
    LCD_Pow                                  0x08006425   Thumb Code    22  lcd.o(.text)
    LCD_ShowNum                              0x0800643b   Thumb Code   180  lcd.o(.text)
    LCD_ShowxNum                             0x080064ef   Thumb Code   190  lcd.o(.text)
    LCD_ShowString                           0x080065ad   Thumb Code   102  lcd.o(.text)
    KEY_Init                                 0x08006615   Thumb Code    82  key.o(.text)
    KEY_Scan                                 0x08006667   Thumb Code   154  key.o(.text)
    HC05_Init                                0x08006711   Thumb Code   204  hc05.o(.text)
    HC05_Get_Role                            0x080067dd   Thumb Code   124  hc05.o(.text)
    HC05_Set_Cmd                             0x08006859   Thumb Code   128  hc05.o(.text)
    HC05_CFG_CMD                             0x080068d9   Thumb Code    94  hc05.o(.text)
    TIM4_Set                                 0x08006975   Thumb Code    34  usart2.o(.text)
    USART2_IRQHandler                        0x08006997   Thumb Code    82  usart2.o(.text)
    TIM4_Init                                0x080069e9   Thumb Code    82  usart2.o(.text)
    UART_DMA_Config                          0x08006a3b   Thumb Code    72  usart2.o(.text)
    USART2_Init                              0x08006a83   Thumb Code   204  usart2.o(.text)
    UART_DMA_Enable                          0x08006b4f   Thumb Code    32  usart2.o(.text)
    u2_printf                                0x08006b6f   Thumb Code    56  usart2.o(.text)
    TIM4_IRQHandler                          0x08006ba7   Thumb Code    40  usart2.o(.text)
    IIC_Init                                 0x08006bed   Thumb Code    52  myiic.o(.text)
    IIC_Start                                0x08006c21   Thumb Code    68  myiic.o(.text)
    IIC_Stop                                 0x08006c65   Thumb Code    62  myiic.o(.text)
    IIC_Wait_Ack                             0x08006ca3   Thumb Code    86  myiic.o(.text)
    IIC_Ack                                  0x08006cf9   Thumb Code    66  myiic.o(.text)
    IIC_NAck                                 0x08006d3b   Thumb Code    66  myiic.o(.text)
    IIC_Send_Byte                            0x08006d7d   Thumb Code    90  myiic.o(.text)
    IIC_Read_Byte                            0x08006dd7   Thumb Code    98  myiic.o(.text)
    AT24CXX_Init                             0x08006e45   Thumb Code     8  24cxx.o(.text)
    AT24CXX_ReadOneByte                      0x08006e4d   Thumb Code    88  24cxx.o(.text)
    AT24CXX_WriteOneByte                     0x08006ea5   Thumb Code    80  24cxx.o(.text)
    AT24CXX_WriteLenByte                     0x08006ef5   Thumb Code    42  24cxx.o(.text)
    AT24CXX_ReadLenByte                      0x08006f1f   Thumb Code    44  24cxx.o(.text)
    AT24CXX_Check                            0x08006f4b   Thumb Code    46  24cxx.o(.text)
    AT24CXX_Read                             0x08006f79   Thumb Code    34  24cxx.o(.text)
    AT24CXX_Write                            0x08006f9b   Thumb Code    36  24cxx.o(.text)
    CT_Delay                                 0x08006fc1   Thumb Code    10  ctiic.o(.text)
    CT_IIC_Init                              0x08006fcb   Thumb Code    62  ctiic.o(.text)
    CT_IIC_Start                             0x08007009   Thumb Code    60  ctiic.o(.text)
    CT_IIC_Stop                              0x08007045   Thumb Code    64  ctiic.o(.text)
    CT_IIC_Wait_Ack                          0x08007085   Thumb Code    86  ctiic.o(.text)
    CT_IIC_Ack                               0x080070db   Thumb Code    66  ctiic.o(.text)
    CT_IIC_NAck                              0x0800711d   Thumb Code    66  ctiic.o(.text)
    CT_IIC_Send_Byte                         0x0800715f   Thumb Code    82  ctiic.o(.text)
    CT_IIC_Read_Byte                         0x080071b1   Thumb Code    94  ctiic.o(.text)
    OTT2001A_WR_Reg                          0x08007221   Thumb Code    92  ott2001a.o(.text)
    OTT2001A_RD_Reg                          0x0800727d   Thumb Code    98  ott2001a.o(.text)
    OTT2001A_SensorControl                   0x080072df   Thumb Code    28  ott2001a.o(.text)
    OTT2001A_Init                            0x080072fb   Thumb Code   156  ott2001a.o(.text)
    OTT2001A_Scan                            0x08007397   Thumb Code   446  ott2001a.o(.text)
    TP_Write_Byte                            0x0800758d   Thumb Code    56  touch.o(.text)
    TP_Read_AD                               0x080075c5   Thumb Code   132  touch.o(.text)
    TP_Read_XOY                              0x08007649   Thumb Code   120  touch.o(.text)
    TP_Read_XY                               0x080076c1   Thumb Code    38  touch.o(.text)
    TP_Read_XY2                              0x080076e7   Thumb Code   192  touch.o(.text)
    TP_Drow_Touch_Point                      0x080077a7   Thumb Code   108  touch.o(.text)
    TP_Draw_Big_Point                        0x08007813   Thumb Code    54  touch.o(.text)
    TP_Scan                                  0x08007849   Thumb Code   264  touch.o(.text)
    TP_Save_Adjdata                          0x08007951   Thumb Code   146  touch.o(.text)
    TP_Get_Adjdata                           0x080079e3   Thumb Code   152  touch.o(.text)
    TP_Adj_Info_Show                         0x08007a7b   Thumb Code   376  touch.o(.text)
    TP_Adjust                                0x08007bf3   Thumb Code  1250  touch.o(.text)
    TP_Init                                  0x080080d5   Thumb Code   348  touch.o(.text)
    GT9147_WR_Reg                            0x08008231   Thumb Code    92  gt9147.o(.text)
    GT9147_Send_Cfg                          0x0800828d   Thumb Code    86  gt9147.o(.text)
    GT9147_RD_Reg                            0x080082e3   Thumb Code    98  gt9147.o(.text)
    GT9147_Init                              0x08008345   Thumb Code   242  gt9147.o(.text)
    GT9147_Scan                              0x08008437   Thumb Code   408  gt9147.o(.text)
    FT5206_WR_Reg                            0x08008615   Thumb Code    82  ft5206.o(.text)
    FT5206_RD_Reg                            0x08008667   Thumb Code    88  ft5206.o(.text)
    FT5206_Init                              0x080086bf   Thumb Code   214  ft5206.o(.text)
    FT5206_Scan                              0x08008795   Thumb Code   400  ft5206.o(.text)
    delay_init                               0x08008949   Thumb Code    50  delay.o(.text)
    delay_us                                 0x0800897b   Thumb Code    72  delay.o(.text)
    delay_ms                                 0x080089c3   Thumb Code    72  delay.o(.text)
    _sys_exit                                0x08008a1d   Thumb Code     6  usart.o(.text)
    fputc                                    0x08008a23   Thumb Code    24  usart.o(.text)
    uart_init                                0x08008a3b   Thumb Code   152  usart.o(.text)
    clear_buffer2                            0x08008ad3   Thumb Code    18  usart.o(.text)
    split                                    0x08008ae5   Thumb Code   160  usart.o(.text)
    USART1_IRQHandler                        0x08008b85   Thumb Code   394  usart.o(.text)
    Reset_Handler                            0x08008dad   Thumb Code     8  startup_stm32f10x_hd.o(.text)
    ADC1_2_IRQHandler                        0x08008dc7   Thumb Code     0  startup_stm32f10x_hd.o(.text)
    ADC3_IRQHandler                          0x08008dc7   Thumb Code     0  startup_stm32f10x_hd.o(.text)
    CAN1_RX1_IRQHandler                      0x08008dc7   Thumb Code     0  startup_stm32f10x_hd.o(.text)
    CAN1_SCE_IRQHandler                      0x08008dc7   Thumb Code     0  startup_stm32f10x_hd.o(.text)
    DMA1_Channel1_IRQHandler                 0x08008dc7   Thumb Code     0  startup_stm32f10x_hd.o(.text)
    DMA1_Channel2_IRQHandler                 0x08008dc7   Thumb Code     0  startup_stm32f10x_hd.o(.text)
    DMA1_Channel3_IRQHandler                 0x08008dc7   Thumb Code     0  startup_stm32f10x_hd.o(.text)
    DMA1_Channel4_IRQHandler                 0x08008dc7   Thumb Code     0  startup_stm32f10x_hd.o(.text)
    DMA1_Channel5_IRQHandler                 0x08008dc7   Thumb Code     0  startup_stm32f10x_hd.o(.text)
    DMA1_Channel6_IRQHandler                 0x08008dc7   Thumb Code     0  startup_stm32f10x_hd.o(.text)
    DMA1_Channel7_IRQHandler                 0x08008dc7   Thumb Code     0  startup_stm32f10x_hd.o(.text)
    DMA2_Channel1_IRQHandler                 0x08008dc7   Thumb Code     0  startup_stm32f10x_hd.o(.text)
    DMA2_Channel2_IRQHandler                 0x08008dc7   Thumb Code     0  startup_stm32f10x_hd.o(.text)
    DMA2_Channel3_IRQHandler                 0x08008dc7   Thumb Code     0  startup_stm32f10x_hd.o(.text)
    DMA2_Channel4_5_IRQHandler               0x08008dc7   Thumb Code     0  startup_stm32f10x_hd.o(.text)
    EXTI0_IRQHandler                         0x08008dc7   Thumb Code     0  startup_stm32f10x_hd.o(.text)
    EXTI15_10_IRQHandler                     0x08008dc7   Thumb Code     0  startup_stm32f10x_hd.o(.text)
    EXTI1_IRQHandler                         0x08008dc7   Thumb Code     0  startup_stm32f10x_hd.o(.text)
    EXTI2_IRQHandler                         0x08008dc7   Thumb Code     0  startup_stm32f10x_hd.o(.text)
    EXTI3_IRQHandler                         0x08008dc7   Thumb Code     0  startup_stm32f10x_hd.o(.text)
    EXTI4_IRQHandler                         0x08008dc7   Thumb Code     0  startup_stm32f10x_hd.o(.text)
    EXTI9_5_IRQHandler                       0x08008dc7   Thumb Code     0  startup_stm32f10x_hd.o(.text)
    FLASH_IRQHandler                         0x08008dc7   Thumb Code     0  startup_stm32f10x_hd.o(.text)
    FSMC_IRQHandler                          0x08008dc7   Thumb Code     0  startup_stm32f10x_hd.o(.text)
    I2C1_ER_IRQHandler                       0x08008dc7   Thumb Code     0  startup_stm32f10x_hd.o(.text)
    I2C1_EV_IRQHandler                       0x08008dc7   Thumb Code     0  startup_stm32f10x_hd.o(.text)
    I2C2_ER_IRQHandler                       0x08008dc7   Thumb Code     0  startup_stm32f10x_hd.o(.text)
    I2C2_EV_IRQHandler                       0x08008dc7   Thumb Code     0  startup_stm32f10x_hd.o(.text)
    PVD_IRQHandler                           0x08008dc7   Thumb Code     0  startup_stm32f10x_hd.o(.text)
    RCC_IRQHandler                           0x08008dc7   Thumb Code     0  startup_stm32f10x_hd.o(.text)
    RTCAlarm_IRQHandler                      0x08008dc7   Thumb Code     0  startup_stm32f10x_hd.o(.text)
    RTC_IRQHandler                           0x08008dc7   Thumb Code     0  startup_stm32f10x_hd.o(.text)
    SDIO_IRQHandler                          0x08008dc7   Thumb Code     0  startup_stm32f10x_hd.o(.text)
    SPI1_IRQHandler                          0x08008dc7   Thumb Code     0  startup_stm32f10x_hd.o(.text)
    SPI2_IRQHandler                          0x08008dc7   Thumb Code     0  startup_stm32f10x_hd.o(.text)
    SPI3_IRQHandler                          0x08008dc7   Thumb Code     0  startup_stm32f10x_hd.o(.text)
    TAMPER_IRQHandler                        0x08008dc7   Thumb Code     0  startup_stm32f10x_hd.o(.text)
    TIM1_BRK_IRQHandler                      0x08008dc7   Thumb Code     0  startup_stm32f10x_hd.o(.text)
    TIM1_CC_IRQHandler                       0x08008dc7   Thumb Code     0  startup_stm32f10x_hd.o(.text)
    TIM1_TRG_COM_IRQHandler                  0x08008dc7   Thumb Code     0  startup_stm32f10x_hd.o(.text)
    TIM1_UP_IRQHandler                       0x08008dc7   Thumb Code     0  startup_stm32f10x_hd.o(.text)
    TIM2_IRQHandler                          0x08008dc7   Thumb Code     0  startup_stm32f10x_hd.o(.text)
    TIM3_IRQHandler                          0x08008dc7   Thumb Code     0  startup_stm32f10x_hd.o(.text)
    TIM5_IRQHandler                          0x08008dc7   Thumb Code     0  startup_stm32f10x_hd.o(.text)
    TIM6_IRQHandler                          0x08008dc7   Thumb Code     0  startup_stm32f10x_hd.o(.text)
    TIM7_IRQHandler                          0x08008dc7   Thumb Code     0  startup_stm32f10x_hd.o(.text)
    TIM8_BRK_IRQHandler                      0x08008dc7   Thumb Code     0  startup_stm32f10x_hd.o(.text)
    TIM8_CC_IRQHandler                       0x08008dc7   Thumb Code     0  startup_stm32f10x_hd.o(.text)
    TIM8_TRG_COM_IRQHandler                  0x08008dc7   Thumb Code     0  startup_stm32f10x_hd.o(.text)
    TIM8_UP_IRQHandler                       0x08008dc7   Thumb Code     0  startup_stm32f10x_hd.o(.text)
    UART4_IRQHandler                         0x08008dc7   Thumb Code     0  startup_stm32f10x_hd.o(.text)
    UART5_IRQHandler                         0x08008dc7   Thumb Code     0  startup_stm32f10x_hd.o(.text)
    USART3_IRQHandler                        0x08008dc7   Thumb Code     0  startup_stm32f10x_hd.o(.text)
    USBWakeUp_IRQHandler                     0x08008dc7   Thumb Code     0  startup_stm32f10x_hd.o(.text)
    USB_HP_CAN1_TX_IRQHandler                0x08008dc7   Thumb Code     0  startup_stm32f10x_hd.o(.text)
    USB_LP_CAN1_RX0_IRQHandler               0x08008dc7   Thumb Code     0  startup_stm32f10x_hd.o(.text)
    WWDG_IRQHandler                          0x08008dc7   Thumb Code     0  startup_stm32f10x_hd.o(.text)
    __user_initial_stackheap                 0x08008dc9   Thumb Code     0  startup_stm32f10x_hd.o(.text)
    GPIO_DeInit                              0x08008ded   Thumb Code   172  stm32f10x_gpio.o(.text)
    GPIO_AFIODeInit                          0x08008e99   Thumb Code    20  stm32f10x_gpio.o(.text)
    GPIO_Init                                0x08008ead   Thumb Code   278  stm32f10x_gpio.o(.text)
    GPIO_StructInit                          0x08008fc3   Thumb Code    16  stm32f10x_gpio.o(.text)
    GPIO_ReadInputDataBit                    0x08008fd3   Thumb Code    18  stm32f10x_gpio.o(.text)
    GPIO_ReadInputData                       0x08008fe5   Thumb Code     8  stm32f10x_gpio.o(.text)
    GPIO_ReadOutputDataBit                   0x08008fed   Thumb Code    18  stm32f10x_gpio.o(.text)
    GPIO_ReadOutputData                      0x08008fff   Thumb Code     8  stm32f10x_gpio.o(.text)
    GPIO_SetBits                             0x08009007   Thumb Code     4  stm32f10x_gpio.o(.text)
    GPIO_ResetBits                           0x0800900b   Thumb Code     4  stm32f10x_gpio.o(.text)
    GPIO_WriteBit                            0x0800900f   Thumb Code    10  stm32f10x_gpio.o(.text)
    GPIO_Write                               0x08009019   Thumb Code     4  stm32f10x_gpio.o(.text)
    GPIO_PinLockConfig                       0x0800901d   Thumb Code    18  stm32f10x_gpio.o(.text)
    GPIO_EventOutputConfig                   0x0800902f   Thumb Code    26  stm32f10x_gpio.o(.text)
    GPIO_EventOutputCmd                      0x08009049   Thumb Code     6  stm32f10x_gpio.o(.text)
    GPIO_PinRemapConfig                      0x0800904f   Thumb Code   138  stm32f10x_gpio.o(.text)
    GPIO_EXTILineConfig                      0x080090d9   Thumb Code    66  stm32f10x_gpio.o(.text)
    GPIO_ETH_MediaInterfaceConfig            0x0800911b   Thumb Code     8  stm32f10x_gpio.o(.text)
    RCC_DeInit                               0x08009149   Thumb Code    64  stm32f10x_rcc.o(.text)
    RCC_HSEConfig                            0x08009189   Thumb Code    70  stm32f10x_rcc.o(.text)
    RCC_GetFlagStatus                        0x080091cf   Thumb Code    56  stm32f10x_rcc.o(.text)
    RCC_WaitForHSEStartUp                    0x08009207   Thumb Code    56  stm32f10x_rcc.o(.text)
    RCC_AdjustHSICalibrationValue            0x0800923f   Thumb Code    20  stm32f10x_rcc.o(.text)
    RCC_HSICmd                               0x08009253   Thumb Code     6  stm32f10x_rcc.o(.text)
    RCC_PLLConfig                            0x08009259   Thumb Code    24  stm32f10x_rcc.o(.text)
    RCC_PLLCmd                               0x08009271   Thumb Code     6  stm32f10x_rcc.o(.text)
    RCC_SYSCLKConfig                         0x08009277   Thumb Code    18  stm32f10x_rcc.o(.text)
    RCC_GetSYSCLKSource                      0x08009289   Thumb Code    10  stm32f10x_rcc.o(.text)
    RCC_HCLKConfig                           0x08009293   Thumb Code    18  stm32f10x_rcc.o(.text)
    RCC_PCLK1Config                          0x080092a5   Thumb Code    18  stm32f10x_rcc.o(.text)
    RCC_PCLK2Config                          0x080092b7   Thumb Code    20  stm32f10x_rcc.o(.text)
    RCC_ITConfig                             0x080092cb   Thumb Code    26  stm32f10x_rcc.o(.text)
    RCC_USBCLKConfig                         0x080092e5   Thumb Code     8  stm32f10x_rcc.o(.text)
    RCC_ADCCLKConfig                         0x080092ed   Thumb Code    18  stm32f10x_rcc.o(.text)
    RCC_LSEConfig                            0x080092ff   Thumb Code    50  stm32f10x_rcc.o(.text)
    RCC_LSICmd                               0x08009331   Thumb Code     6  stm32f10x_rcc.o(.text)
    RCC_RTCCLKConfig                         0x08009337   Thumb Code    12  stm32f10x_rcc.o(.text)
    RCC_RTCCLKCmd                            0x08009343   Thumb Code     8  stm32f10x_rcc.o(.text)
    RCC_GetClocksFreq                        0x0800934b   Thumb Code   192  stm32f10x_rcc.o(.text)
    RCC_AHBPeriphClockCmd                    0x0800940b   Thumb Code    26  stm32f10x_rcc.o(.text)
    RCC_APB2PeriphClockCmd                   0x08009425   Thumb Code    26  stm32f10x_rcc.o(.text)
    RCC_APB1PeriphClockCmd                   0x0800943f   Thumb Code    26  stm32f10x_rcc.o(.text)
    RCC_APB2PeriphResetCmd                   0x08009459   Thumb Code    26  stm32f10x_rcc.o(.text)
    RCC_APB1PeriphResetCmd                   0x08009473   Thumb Code    26  stm32f10x_rcc.o(.text)
    RCC_BackupResetCmd                       0x0800948d   Thumb Code     8  stm32f10x_rcc.o(.text)
    RCC_ClockSecuritySystemCmd               0x08009495   Thumb Code     6  stm32f10x_rcc.o(.text)
    RCC_MCOConfig                            0x0800949b   Thumb Code     6  stm32f10x_rcc.o(.text)
    RCC_ClearFlag                            0x080094a1   Thumb Code    14  stm32f10x_rcc.o(.text)
    RCC_GetITStatus                          0x080094af   Thumb Code    20  stm32f10x_rcc.o(.text)
    RCC_ClearITPendingBit                    0x080094c3   Thumb Code     6  stm32f10x_rcc.o(.text)
    USART_DeInit                             0x080094ed   Thumb Code   134  stm32f10x_usart.o(.text)
    USART_Init                               0x08009573   Thumb Code   210  stm32f10x_usart.o(.text)
    USART_StructInit                         0x08009645   Thumb Code    24  stm32f10x_usart.o(.text)
    USART_ClockInit                          0x0800965d   Thumb Code    34  stm32f10x_usart.o(.text)
    USART_ClockStructInit                    0x0800967f   Thumb Code    12  stm32f10x_usart.o(.text)
    USART_Cmd                                0x0800968b   Thumb Code    24  stm32f10x_usart.o(.text)
    USART_ITConfig                           0x080096a3   Thumb Code    74  stm32f10x_usart.o(.text)
    USART_DMACmd                             0x080096ed   Thumb Code    18  stm32f10x_usart.o(.text)
    USART_SetAddress                         0x080096ff   Thumb Code    18  stm32f10x_usart.o(.text)
    USART_WakeUpConfig                       0x08009711   Thumb Code    18  stm32f10x_usart.o(.text)
    USART_ReceiverWakeUpCmd                  0x08009723   Thumb Code    24  stm32f10x_usart.o(.text)
    USART_LINBreakDetectLengthConfig         0x0800973b   Thumb Code    18  stm32f10x_usart.o(.text)
    USART_LINCmd                             0x0800974d   Thumb Code    24  stm32f10x_usart.o(.text)
    USART_SendData                           0x08009765   Thumb Code     8  stm32f10x_usart.o(.text)
    USART_ReceiveData                        0x0800976d   Thumb Code    10  stm32f10x_usart.o(.text)
    USART_SendBreak                          0x08009777   Thumb Code    10  stm32f10x_usart.o(.text)
    USART_SetGuardTime                       0x08009781   Thumb Code    16  stm32f10x_usart.o(.text)
    USART_SetPrescaler                       0x08009791   Thumb Code    16  stm32f10x_usart.o(.text)
    USART_SmartCardCmd                       0x080097a1   Thumb Code    24  stm32f10x_usart.o(.text)
    USART_SmartCardNACKCmd                   0x080097b9   Thumb Code    24  stm32f10x_usart.o(.text)
    USART_HalfDuplexCmd                      0x080097d1   Thumb Code    24  stm32f10x_usart.o(.text)
    USART_OverSampling8Cmd                   0x080097e9   Thumb Code    22  stm32f10x_usart.o(.text)
    USART_OneBitMethodCmd                    0x080097ff   Thumb Code    24  stm32f10x_usart.o(.text)
    USART_IrDAConfig                         0x08009817   Thumb Code    18  stm32f10x_usart.o(.text)
    USART_IrDACmd                            0x08009829   Thumb Code    24  stm32f10x_usart.o(.text)
    USART_GetFlagStatus                      0x08009841   Thumb Code    26  stm32f10x_usart.o(.text)
    USART_ClearFlag                          0x0800985b   Thumb Code    18  stm32f10x_usart.o(.text)
    USART_GetITStatus                        0x0800986d   Thumb Code    84  stm32f10x_usart.o(.text)
    USART_ClearITPendingBit                  0x080098c1   Thumb Code    52  stm32f10x_usart.o(.text)
    NVIC_PriorityGroupConfig                 0x080098f5   Thumb Code    10  misc.o(.text)
    NVIC_Init                                0x080098ff   Thumb Code   100  misc.o(.text)
    NVIC_SetVectorTable                      0x08009963   Thumb Code    14  misc.o(.text)
    NVIC_SystemLPConfig                      0x08009971   Thumb Code    34  misc.o(.text)
    SysTick_CLKSourceConfig                  0x08009993   Thumb Code    40  misc.o(.text)
    DMA_DeInit                               0x080099d1   Thumb Code   324  stm32f10x_dma.o(.text)
    DMA_Init                                 0x08009b15   Thumb Code    60  stm32f10x_dma.o(.text)
    DMA_StructInit                           0x08009b51   Thumb Code    26  stm32f10x_dma.o(.text)
    DMA_Cmd                                  0x08009b6b   Thumb Code    24  stm32f10x_dma.o(.text)
    DMA_ITConfig                             0x08009b83   Thumb Code    18  stm32f10x_dma.o(.text)
    DMA_SetCurrDataCounter                   0x08009b95   Thumb Code     4  stm32f10x_dma.o(.text)
    DMA_GetCurrDataCounter                   0x08009b99   Thumb Code     8  stm32f10x_dma.o(.text)
    DMA_GetFlagStatus                        0x08009ba1   Thumb Code    40  stm32f10x_dma.o(.text)
    DMA_ClearFlag                            0x08009bc9   Thumb Code    22  stm32f10x_dma.o(.text)
    DMA_GetITStatus                          0x08009bdf   Thumb Code    40  stm32f10x_dma.o(.text)
    DMA_ClearITPendingBit                    0x08009c07   Thumb Code    22  stm32f10x_dma.o(.text)
    TIM_DeInit                               0x08009c25   Thumb Code   424  stm32f10x_tim.o(.text)
    TIM_TimeBaseInit                         0x08009dcd   Thumb Code   122  stm32f10x_tim.o(.text)
    TIM_OC1Init                              0x08009e47   Thumb Code   132  stm32f10x_tim.o(.text)
    TIM_OC2Init                              0x08009ecb   Thumb Code   154  stm32f10x_tim.o(.text)
    TIM_OC3Init                              0x08009f65   Thumb Code   150  stm32f10x_tim.o(.text)
    TIM_OC4Init                              0x08009ffb   Thumb Code   182  stm32f10x_tim.o(.text)
    TIM_SetIC4Prescaler                      0x0800a0b1   Thumb Code    26  stm32f10x_tim.o(.text)
    TIM_SetIC3Prescaler                      0x0800a14d   Thumb Code    18  stm32f10x_tim.o(.text)
    TIM_SetIC2Prescaler                      0x0800a1d9   Thumb Code    26  stm32f10x_tim.o(.text)
    TIM_SetIC1Prescaler                      0x0800a275   Thumb Code    18  stm32f10x_tim.o(.text)
    TIM_ICInit                               0x0800a2f3   Thumb Code   150  stm32f10x_tim.o(.text)
    TIM_PWMIConfig                           0x0800a389   Thumb Code   124  stm32f10x_tim.o(.text)
    TIM_BDTRConfig                           0x0800a405   Thumb Code    32  stm32f10x_tim.o(.text)
    TIM_TimeBaseStructInit                   0x0800a425   Thumb Code    18  stm32f10x_tim.o(.text)
    TIM_OCStructInit                         0x0800a437   Thumb Code    20  stm32f10x_tim.o(.text)
    TIM_ICStructInit                         0x0800a44b   Thumb Code    18  stm32f10x_tim.o(.text)
    TIM_BDTRStructInit                       0x0800a45d   Thumb Code    40  stm32f10x_tim.o(.text)
    TIM_Cmd                                  0x0800a485   Thumb Code    24  stm32f10x_tim.o(.text)
    TIM_CtrlPWMOutputs                       0x0800a49d   Thumb Code    30  stm32f10x_tim.o(.text)
    TIM_ITConfig                             0x0800a4bb   Thumb Code    18  stm32f10x_tim.o(.text)
    TIM_GenerateEvent                        0x0800a4cd   Thumb Code     4  stm32f10x_tim.o(.text)
    TIM_DMAConfig                            0x0800a4d1   Thumb Code    10  stm32f10x_tim.o(.text)
    TIM_DMACmd                               0x0800a4db   Thumb Code    18  stm32f10x_tim.o(.text)
    TIM_InternalClockConfig                  0x0800a4ed   Thumb Code    12  stm32f10x_tim.o(.text)
    TIM_SelectInputTrigger                   0x0800a4f9   Thumb Code    18  stm32f10x_tim.o(.text)
    TIM_ITRxExternalClockConfig              0x0800a50b   Thumb Code    24  stm32f10x_tim.o(.text)
    TIM_TIxExternalClockConfig               0x0800a523   Thumb Code    62  stm32f10x_tim.o(.text)
    TIM_ETRConfig                            0x0800a561   Thumb Code    28  stm32f10x_tim.o(.text)
    TIM_ETRClockMode1Config                  0x0800a57d   Thumb Code    54  stm32f10x_tim.o(.text)
    TIM_ETRClockMode2Config                  0x0800a5b3   Thumb Code    32  stm32f10x_tim.o(.text)
    TIM_PrescalerConfig                      0x0800a5d3   Thumb Code     6  stm32f10x_tim.o(.text)
    TIM_CounterModeConfig                    0x0800a5d9   Thumb Code    18  stm32f10x_tim.o(.text)
    TIM_EncoderInterfaceConfig               0x0800a5eb   Thumb Code    66  stm32f10x_tim.o(.text)
    TIM_ForcedOC1Config                      0x0800a62d   Thumb Code    18  stm32f10x_tim.o(.text)
    TIM_ForcedOC2Config                      0x0800a63f   Thumb Code    26  stm32f10x_tim.o(.text)
    TIM_ForcedOC3Config                      0x0800a659   Thumb Code    18  stm32f10x_tim.o(.text)
    TIM_ForcedOC4Config                      0x0800a66b   Thumb Code    26  stm32f10x_tim.o(.text)
    TIM_ARRPreloadConfig                     0x0800a685   Thumb Code    24  stm32f10x_tim.o(.text)
    TIM_SelectCOM                            0x0800a69d   Thumb Code    24  stm32f10x_tim.o(.text)
    TIM_SelectCCDMA                          0x0800a6b5   Thumb Code    24  stm32f10x_tim.o(.text)
    TIM_CCPreloadControl                     0x0800a6cd   Thumb Code    24  stm32f10x_tim.o(.text)
    TIM_OC1PreloadConfig                     0x0800a6e5   Thumb Code    18  stm32f10x_tim.o(.text)
    TIM_OC2PreloadConfig                     0x0800a6f7   Thumb Code    26  stm32f10x_tim.o(.text)
    TIM_OC3PreloadConfig                     0x0800a711   Thumb Code    18  stm32f10x_tim.o(.text)
    TIM_OC4PreloadConfig                     0x0800a723   Thumb Code    26  stm32f10x_tim.o(.text)
    TIM_OC1FastConfig                        0x0800a73d   Thumb Code    18  stm32f10x_tim.o(.text)
    TIM_OC2FastConfig                        0x0800a74f   Thumb Code    26  stm32f10x_tim.o(.text)
    TIM_OC3FastConfig                        0x0800a769   Thumb Code    18  stm32f10x_tim.o(.text)
    TIM_OC4FastConfig                        0x0800a77b   Thumb Code    26  stm32f10x_tim.o(.text)
    TIM_ClearOC1Ref                          0x0800a795   Thumb Code    18  stm32f10x_tim.o(.text)
    TIM_ClearOC2Ref                          0x0800a7a7   Thumb Code    24  stm32f10x_tim.o(.text)
    TIM_ClearOC3Ref                          0x0800a7bf   Thumb Code    18  stm32f10x_tim.o(.text)
    TIM_ClearOC4Ref                          0x0800a7d1   Thumb Code    24  stm32f10x_tim.o(.text)
    TIM_OC1PolarityConfig                    0x0800a7e9   Thumb Code    18  stm32f10x_tim.o(.text)
    TIM_OC1NPolarityConfig                   0x0800a7fb   Thumb Code    18  stm32f10x_tim.o(.text)
    TIM_OC2PolarityConfig                    0x0800a80d   Thumb Code    26  stm32f10x_tim.o(.text)
    TIM_OC2NPolarityConfig                   0x0800a827   Thumb Code    26  stm32f10x_tim.o(.text)
    TIM_OC3PolarityConfig                    0x0800a841   Thumb Code    26  stm32f10x_tim.o(.text)
    TIM_OC3NPolarityConfig                   0x0800a85b   Thumb Code    26  stm32f10x_tim.o(.text)
    TIM_OC4PolarityConfig                    0x0800a875   Thumb Code    26  stm32f10x_tim.o(.text)
    TIM_CCxCmd                               0x0800a88f   Thumb Code    30  stm32f10x_tim.o(.text)
    TIM_CCxNCmd                              0x0800a8ad   Thumb Code    30  stm32f10x_tim.o(.text)
    TIM_SelectOCxM                           0x0800a8cb   Thumb Code    82  stm32f10x_tim.o(.text)
    TIM_UpdateDisableConfig                  0x0800a91d   Thumb Code    24  stm32f10x_tim.o(.text)
    TIM_UpdateRequestConfig                  0x0800a935   Thumb Code    24  stm32f10x_tim.o(.text)
    TIM_SelectHallSensor                     0x0800a94d   Thumb Code    24  stm32f10x_tim.o(.text)
    TIM_SelectOnePulseMode                   0x0800a965   Thumb Code    18  stm32f10x_tim.o(.text)
    TIM_SelectOutputTrigger                  0x0800a977   Thumb Code    18  stm32f10x_tim.o(.text)
    TIM_SelectSlaveMode                      0x0800a989   Thumb Code    18  stm32f10x_tim.o(.text)
    TIM_SelectMasterSlaveMode                0x0800a99b   Thumb Code    18  stm32f10x_tim.o(.text)
    TIM_SetCounter                           0x0800a9ad   Thumb Code     4  stm32f10x_tim.o(.text)
    TIM_SetAutoreload                        0x0800a9b1   Thumb Code     4  stm32f10x_tim.o(.text)
    TIM_SetCompare1                          0x0800a9b5   Thumb Code     4  stm32f10x_tim.o(.text)
    TIM_SetCompare2                          0x0800a9b9   Thumb Code     4  stm32f10x_tim.o(.text)
    TIM_SetCompare3                          0x0800a9bd   Thumb Code     4  stm32f10x_tim.o(.text)
    TIM_SetCompare4                          0x0800a9c1   Thumb Code     6  stm32f10x_tim.o(.text)
    TIM_SetClockDivision                     0x0800a9c7   Thumb Code    18  stm32f10x_tim.o(.text)
    TIM_GetCapture1                          0x0800a9d9   Thumb Code     6  stm32f10x_tim.o(.text)
    TIM_GetCapture2                          0x0800a9df   Thumb Code     6  stm32f10x_tim.o(.text)
    TIM_GetCapture3                          0x0800a9e5   Thumb Code     6  stm32f10x_tim.o(.text)
    TIM_GetCapture4                          0x0800a9eb   Thumb Code     8  stm32f10x_tim.o(.text)
    TIM_GetCounter                           0x0800a9f3   Thumb Code     6  stm32f10x_tim.o(.text)
    TIM_GetPrescaler                         0x0800a9f9   Thumb Code     6  stm32f10x_tim.o(.text)
    TIM_GetFlagStatus                        0x0800a9ff   Thumb Code    18  stm32f10x_tim.o(.text)
    TIM_ClearFlag                            0x0800aa11   Thumb Code     6  stm32f10x_tim.o(.text)
    TIM_GetITStatus                          0x0800aa17   Thumb Code    34  stm32f10x_tim.o(.text)
    TIM_ClearITPendingBit                    0x0800aa39   Thumb Code     6  stm32f10x_tim.o(.text)
    __use_no_semihosting                     0x0800aa3f   Thumb Code     2  use_no_semi_2.o(.text)
    __c89vsprintf                            0x0800aa41   Thumb Code    32  c89vsprintf.o(.text)
    __2printf                                0x0800aa65   Thumb Code    20  __2printf.o(.text)
    __2sprintf                               0x0800aa7d   Thumb Code    38  __2sprintf.o(.text)
    _printf_str                              0x0800aaa9   Thumb Code    82  _printf_str.o(.text)
    _printf_int_dec                          0x0800aafd   Thumb Code   104  _printf_dec.o(.text)
    _printf_longlong_hex                     0x0800ab75   Thumb Code    86  _printf_hex_int_ll_ptr.o(.text)
    _printf_int_hex                          0x0800abcb   Thumb Code    28  _printf_hex_int_ll_ptr.o(.text)
    _printf_ll_hex                           0x0800abe7   Thumb Code    12  _printf_hex_int_ll_ptr.o(.text)
    _printf_hex_ptr                          0x0800abf3   Thumb Code    18  _printf_hex_int_ll_ptr.o(.text)
    __printf                                 0x0800ac09   Thumb Code   388  __printf_flags_ss_wp.o(.text)
    strlen                                   0x0800ad91   Thumb Code    62  strlen.o(.text)
    strcmp                                   0x0800add1   Thumb Code   128  strcmpv7m.o(.text)
    __use_two_region_memory                  0x0800ae51   Thumb Code     2  heapauxi.o(.text)
    __rt_heap_escrow$2region                 0x0800ae53   Thumb Code     2  heapauxi.o(.text)
    __rt_heap_expand$2region                 0x0800ae55   Thumb Code     2  heapauxi.o(.text)
    __I$use$semihosting                      0x0800ae57   Thumb Code     0  use_no_semi.o(.text)
    __use_no_semihosting_swi                 0x0800ae57   Thumb Code     2  use_no_semi.o(.text)
    __read_errno                             0x0800ae59   Thumb Code    10  _rserrno.o(.text)
    __set_errno                              0x0800ae63   Thumb Code    12  _rserrno.o(.text)
    _printf_pre_padding                      0x0800ae6f   Thumb Code    44  _printf_pad.o(.text)
    _printf_post_padding                     0x0800ae9b   Thumb Code    34  _printf_pad.o(.text)
    _printf_truncate_signed                  0x0800aebd   Thumb Code    18  _printf_truncate.o(.text)
    _printf_truncate_unsigned                0x0800aecf   Thumb Code    18  _printf_truncate.o(.text)
    _printf_int_common                       0x0800aee1   Thumb Code   178  _printf_intcommon.o(.text)
    _printf_charcount                        0x0800af93   Thumb Code    40  _printf_charcount.o(.text)
    _printf_char_common                      0x0800afc7   Thumb Code    32  _printf_char_common.o(.text)
    _sputc                                   0x0800afed   Thumb Code    10  _sputc.o(.text)
    _printf_cs_common                        0x0800aff7   Thumb Code    20  _printf_char.o(.text)
    _printf_char                             0x0800b00b   Thumb Code    16  _printf_char.o(.text)
    _printf_string                           0x0800b01b   Thumb Code     8  _printf_char.o(.text)
    _printf_char_file                        0x0800b025   Thumb Code    32  _printf_char_file.o(.text)
    _printf_wctomb                           0x0800b049   Thumb Code   182  _printf_wctomb.o(.text)
    _printf_longlong_dec                     0x0800b105   Thumb Code   108  _printf_longlong_dec.o(.text)
    _printf_longlong_oct                     0x0800b181   Thumb Code    68  _printf_oct_int_ll.o(.text)
    _printf_int_oct                          0x0800b1c5   Thumb Code    24  _printf_oct_int_ll.o(.text)
    _printf_ll_oct                           0x0800b1dd   Thumb Code    12  _printf_oct_int_ll.o(.text)
    __aeabi_errno_addr                       0x0800b1f1   Thumb Code     8  rt_errno_addr_intlibspace.o(.text)
    __errno$intlibspace                      0x0800b1f1   Thumb Code     0  rt_errno_addr_intlibspace.o(.text)
    __rt_errno_addr$intlibspace              0x0800b1f1   Thumb Code     0  rt_errno_addr_intlibspace.o(.text)
    _ll_udiv10                               0x0800b1f9   Thumb Code   138  lludiv10.o(.text)
    __lib_sel_fp_printf                      0x0800b283   Thumb Code     2  _printf_fp_dec.o(.text)
    _printf_fp_dec_real                      0x0800b431   Thumb Code   620  _printf_fp_dec.o(.text)
    _printf_lcs_common                       0x0800b69d   Thumb Code    20  _printf_wchar.o(.text)
    _printf_wchar                            0x0800b6b1   Thumb Code    16  _printf_wchar.o(.text)
    _printf_wstring                          0x0800b6c1   Thumb Code     8  _printf_wchar.o(.text)
    ferror                                   0x0800b6c9   Thumb Code     8  ferror.o(.text)
    _wcrtomb                                 0x0800b6d1   Thumb Code    64  _wcrtomb.o(.text)
    __user_libspace                          0x0800b711   Thumb Code     8  libspace.o(.text)
    __user_perproc_libspace                  0x0800b711   Thumb Code     0  libspace.o(.text)
    __user_perthread_libspace                0x0800b711   Thumb Code     0  libspace.o(.text)
    __user_setup_stackheap                   0x0800b719   Thumb Code    74  sys_stackheap_outer.o(.text)
    __rt_ctype_table                         0x0800b765   Thumb Code    16  rt_ctype_table.o(.text)
    __rt_locale                              0x0800b775   Thumb Code     8  rt_locale_intlibspace.o(.text)
    _printf_fp_infnan                        0x0800b77d   Thumb Code   112  _printf_fp_infnan.o(.text)
    _btod_etento                             0x0800b7fd   Thumb Code   216  bigflt0.o(.text)
    exit                                     0x0800b8d9   Thumb Code    18  exit.o(.text)
    _btod_d2e                                0x0800b8eb   Thumb Code    62  btod.o(CL$$btod_d2e)
    _d2e_denorm_low                          0x0800b929   Thumb Code    70  btod.o(CL$$btod_d2e_denorm_low)
    _d2e_norm_op1                            0x0800b96f   Thumb Code    96  btod.o(CL$$btod_d2e_norm_op1)
    __btod_div_common                        0x0800b9cf   Thumb Code   696  btod.o(CL$$btod_div_common)
    _e2e                                     0x0800bd07   Thumb Code   198  btod.o(CL$$btod_e2e)
    _btod_ediv                               0x0800bdcd   Thumb Code    40  btod.o(CL$$btod_ediv)
    _btod_emul                               0x0800bdf5   Thumb Code    40  btod.o(CL$$btod_emul)
    __btod_mult_common                       0x0800be1d   Thumb Code   580  btod.o(CL$$btod_mult_common)
    __ARM_fpclassify                         0x0800c061   Thumb Code    40  fpclassify.o(i.__ARM_fpclassify)
    _is_digit                                0x0800c089   Thumb Code    14  __printf_wp.o(i._is_digit)
    sqrt                                     0x0800c097   Thumb Code    76  sqrt.o(i.sqrt)
    _get_lc_numeric                          0x0800c0e5   Thumb Code    44  lc_numeric_c.o(locale$$code)
    _get_lc_ctype                            0x0800c111   Thumb Code    44  lc_ctype_c.o(locale$$code)
    __aeabi_dadd                             0x0800c13d   Thumb Code     0  daddsub_clz.o(x$fpl$dadd)
    _dadd                                    0x0800c13d   Thumb Code   332  daddsub_clz.o(x$fpl$dadd)
    __fpl_dcmp_Inf                           0x0800c28d   Thumb Code    24  dcmpi.o(x$fpl$dcmpinf)
    __aeabi_d2uiz                            0x0800c2a5   Thumb Code     0  dfixu.o(x$fpl$dfixu)
    _dfixu                                   0x0800c2a5   Thumb Code    90  dfixu.o(x$fpl$dfixu)
    __aeabi_i2d                              0x0800c2ff   Thumb Code     0  dflt_clz.o(x$fpl$dflt)
    _dflt                                    0x0800c2ff   Thumb Code    46  dflt_clz.o(x$fpl$dflt)
    __aeabi_ui2d                             0x0800c32d   Thumb Code     0  dflt_clz.o(x$fpl$dfltu)
    _dfltu                                   0x0800c32d   Thumb Code    38  dflt_clz.o(x$fpl$dfltu)
    __aeabi_cdcmple                          0x0800c355   Thumb Code     0  dleqf.o(x$fpl$dleqf)
    _dcmple                                  0x0800c355   Thumb Code   120  dleqf.o(x$fpl$dleqf)
    __fpl_dcmple_InfNaN                      0x0800c3b7   Thumb Code     0  dleqf.o(x$fpl$dleqf)
    __aeabi_dmul                             0x0800c3cd   Thumb Code     0  dmul.o(x$fpl$dmul)
    _dmul                                    0x0800c3cd   Thumb Code   332  dmul.o(x$fpl$dmul)
    __fpl_dnaninf                            0x0800c521   Thumb Code   156  dnaninf.o(x$fpl$dnaninf)
    __fpl_dretinf                            0x0800c5bd   Thumb Code    12  dretinf.o(x$fpl$dretinf)
    __aeabi_cdrcmple                         0x0800c5c9   Thumb Code     0  drleqf.o(x$fpl$drleqf)
    _drcmple                                 0x0800c5c9   Thumb Code   108  drleqf.o(x$fpl$drleqf)
    __aeabi_drsub                            0x0800c635   Thumb Code     0  daddsub_clz.o(x$fpl$drsb)
    _drsb                                    0x0800c635   Thumb Code    22  daddsub_clz.o(x$fpl$drsb)
    _dsqrt                                   0x0800c64d   Thumb Code   456  dsqrt_noumaal.o(x$fpl$dsqrt)
    __aeabi_dsub                             0x0800c819   Thumb Code     0  daddsub_clz.o(x$fpl$dsub)
    _dsub                                    0x0800c819   Thumb Code   464  daddsub_clz.o(x$fpl$dsub)
    __aeabi_f2d                              0x0800c9ed   Thumb Code     0  f2d.o(x$fpl$f2d)
    _f2d                                     0x0800c9ed   Thumb Code    86  f2d.o(x$fpl$f2d)
    __aeabi_fadd                             0x0800ca45   Thumb Code     0  faddsub_clz.o(x$fpl$fadd)
    _fadd                                    0x0800ca45   Thumb Code   196  faddsub_clz.o(x$fpl$fadd)
    __aeabi_fdiv                             0x0800cb09   Thumb Code     0  fdiv.o(x$fpl$fdiv)
    _fdiv                                    0x0800cb09   Thumb Code   384  fdiv.o(x$fpl$fdiv)
    __aeabi_f2iz                             0x0800cc8d   Thumb Code     0  ffix.o(x$fpl$ffix)
    _ffix                                    0x0800cc8d   Thumb Code    54  ffix.o(x$fpl$ffix)
    __aeabi_f2uiz                            0x0800ccc5   Thumb Code     0  ffixu.o(x$fpl$ffixu)
    _ffixu                                   0x0800ccc5   Thumb Code    62  ffixu.o(x$fpl$ffixu)
    __aeabi_i2f                              0x0800cd05   Thumb Code     0  fflt_clz.o(x$fpl$fflt)
    _fflt                                    0x0800cd05   Thumb Code    48  fflt_clz.o(x$fpl$fflt)
    __aeabi_ui2f                             0x0800cd35   Thumb Code     0  fflt_clz.o(x$fpl$ffltu)
    _ffltu                                   0x0800cd35   Thumb Code    38  fflt_clz.o(x$fpl$ffltu)
    __aeabi_fmul                             0x0800cd5d   Thumb Code     0  fmul.o(x$fpl$fmul)
    _fmul                                    0x0800cd5d   Thumb Code   258  fmul.o(x$fpl$fmul)
    __fpl_fnaninf                            0x0800ce5f   Thumb Code   140  fnaninf.o(x$fpl$fnaninf)
    __fpl_fretinf                            0x0800ceeb   Thumb Code    10  fretinf.o(x$fpl$fretinf)
    __aeabi_fsub                             0x0800cef5   Thumb Code     0  faddsub_clz.o(x$fpl$fsub)
    _fsub                                    0x0800cef5   Thumb Code   234  faddsub_clz.o(x$fpl$fsub)
    _printf_fp_dec                           0x0800cfdf   Thumb Code     4  printf1.o(x$fpl$printf1)
    __I$use$fp                               0x0800cfe2   Number         0  usenofp.o(x$fpl$usenofp)
    asc2_1206                                0x0800cfe2   Data        1140  lcd.o(.constdata)
    asc2_1608                                0x0800d456   Data        1520  lcd.o(.constdata)
    asc2_2412                                0x0800da46   Data        3420  lcd.o(.constdata)
    OTT_TPX_TBL                              0x0800e7a2   Data          10  ott2001a.o(.constdata)
    TP_ADJDIS_TBL                            0x0800e7ac   Data          12  touch.o(.constdata)
    GT9147_CFG_TBL                           0x0800e7b8   Data         184  gt9147.o(.constdata)
    GT9147_TPX_TBL                           0x0800e870   Data          10  gt9147.o(.constdata)
    FT5206_TPX_TBL                           0x0800e87a   Data          10  ft5206.o(.constdata)
    Region$$Table$$Base                      0x0800e9d8   Number         0  anon$$obj.o(Region$$Table)
    Region$$Table$$Limit                     0x0800e9f8   Number         0  anon$$obj.o(Region$$Table)
    __ctype                                  0x0800ea21   Data           0  lc_ctype_c.o(locale$$data)
    cclk                                     0x20000000   Data           3  main.o(.data)
    cpoint                                   0x20000003   Data           2  main.o(.data)
    ctotal                                   0x20000005   Data           3  main.o(.data)
    clk                                      0x20000008   Data           4  main.o(.data)
    isright                                  0x2000000c   Data           4  main.o(.data)
    mode                                     0x20000010   Data           4  main.o(.data)
    sendcnt                                  0x20000014   Data           1  main.o(.data)
    sed                                      0x20000018   Data           4  main.o(.data)
    total                                    0x2000001c   Data           4  main.o(.data)
    flag                                     0x20000020   Data           4  main.o(.data)
    SystemCoreClock                          0x20000024   Data           4  system_stm32f10x.o(.data)
    AHBPrescTable                            0x20000028   Data          16  system_stm32f10x.o(.data)
    POINT_COLOR                              0x20000038   Data           2  lcd.o(.data)
    BACK_COLOR                               0x2000003a   Data           2  lcd.o(.data)
    USART2_RX_STA                            0x2000003e   Data           2  usart2.o(.data)
    tp_dev                                   0x20000044   Data          52  touch.o(.data)
    CMD_RDX                                  0x20000078   Data           1  touch.o(.data)
    CMD_RDY                                  0x20000079   Data           1  touch.o(.data)
    TP_REMIND_MSG_TBL                        0x2000007c   Data           4  touch.o(.data)
    __stdout                                 0x20000088   Data           4  usart.o(.data)
    USART_RX_STA                             0x2000008c   Data           2  usart.o(.data)
    ques                                     0x200000a4   Data          10  main.o(.bss)
    ans                                      0x200000ae   Data          10  main.o(.bss)
    timestr                                  0x200000b8   Data          10  main.o(.bss)
    lcddev                                   0x200000c2   Data          14  lcd.o(.bss)
    USART2_TX_BUF                            0x200000d0   Data         200  usart2.o(.bss)
    USART2_RX_BUF                            0x20000198   Data         200  usart2.o(.bss)
    USART_RX_BUF                             0x20000260   Data         200  usart.o(.bss)
    __libspace_start                         0x20000328   Data          96  libspace.o(.bss)
    __temporary_stack_top$libspace           0x20000388   Data           0  libspace.o(.bss)



==============================================================================

Memory Map of the image

  Image Entry point : 0x08000131

  Load Region LR_IROM1 (Base: 0x08000000, Size: 0x0000ebc8, Max: 0x00040000, ABSOLUTE)

    Execution Region ER_IROM1 (Base: 0x08000000, Size: 0x0000eb24, Max: 0x00040000, ABSOLUTE)

    Base Addr    Size         Type   Attr      Idx    E Section Name        Object

    0x08000000   0x00000130   Data   RO          431    RESET               startup_stm32f10x_hd.o
    0x08000130   0x00000008   Code   RO          581  * !!!main             c_w.l(__main.o)
    0x08000138   0x00000034   Code   RO          921    !!!scatter          c_w.l(__scatter.o)
    0x0800016c   0x0000001a   Code   RO          923    !!handler_copy      c_w.l(__scatter_copy.o)
    0x08000186   0x00000002   PAD
    0x08000188   0x0000001c   Code   RO          925    !!handler_zi        c_w.l(__scatter_zi.o)
    0x080001a4   0x00000000   Code   RO          574    .ARM.Collect$$_printf_percent$$00000000  c_w.l(_printf_percent.o)
    0x080001a4   0x00000006   Code   RO          674    .ARM.Collect$$_printf_percent$$00000001  c_w.l(_printf_n.o)
    0x080001aa   0x00000006   Code   RO          675    .ARM.Collect$$_printf_percent$$00000002  c_w.l(_printf_p.o)
    0x080001b0   0x00000006   Code   RO          679    .ARM.Collect$$_printf_percent$$00000003  c_w.l(_printf_f.o)
    0x080001b6   0x00000006   Code   RO          680    .ARM.Collect$$_printf_percent$$00000004  c_w.l(_printf_e.o)
    0x080001bc   0x00000006   Code   RO          681    .ARM.Collect$$_printf_percent$$00000005  c_w.l(_printf_g.o)
    0x080001c2   0x00000006   Code   RO          682    .ARM.Collect$$_printf_percent$$00000006  c_w.l(_printf_a.o)
    0x080001c8   0x0000000a   Code   RO          687    .ARM.Collect$$_printf_percent$$00000007  c_w.l(_printf_ll.o)
    0x080001d2   0x00000006   Code   RO          677    .ARM.Collect$$_printf_percent$$00000008  c_w.l(_printf_i.o)
    0x080001d8   0x00000006   Code   RO          573    .ARM.Collect$$_printf_percent$$00000009  c_w.l(_printf_d.o)
    0x080001de   0x00000006   Code   RO          678    .ARM.Collect$$_printf_percent$$0000000A  c_w.l(_printf_u.o)
    0x080001e4   0x00000006   Code   RO          676    .ARM.Collect$$_printf_percent$$0000000B  c_w.l(_printf_o.o)
    0x080001ea   0x00000006   Code   RO          572    .ARM.Collect$$_printf_percent$$0000000C  c_w.l(_printf_x.o)
    0x080001f0   0x00000006   Code   RO          684    .ARM.Collect$$_printf_percent$$0000000D  c_w.l(_printf_lli.o)
    0x080001f6   0x00000006   Code   RO          685    .ARM.Collect$$_printf_percent$$0000000E  c_w.l(_printf_lld.o)
    0x080001fc   0x00000006   Code   RO          686    .ARM.Collect$$_printf_percent$$0000000F  c_w.l(_printf_llu.o)
    0x08000202   0x00000006   Code   RO          691    .ARM.Collect$$_printf_percent$$00000010  c_w.l(_printf_llo.o)
    0x08000208   0x00000006   Code   RO          692    .ARM.Collect$$_printf_percent$$00000011  c_w.l(_printf_llx.o)
    0x0800020e   0x0000000a   Code   RO          688    .ARM.Collect$$_printf_percent$$00000012  c_w.l(_printf_l.o)
    0x08000218   0x00000006   Code   RO          673    .ARM.Collect$$_printf_percent$$00000013  c_w.l(_printf_c.o)
    0x0800021e   0x00000006   Code   RO          571    .ARM.Collect$$_printf_percent$$00000014  c_w.l(_printf_s.o)
    0x08000224   0x00000006   Code   RO          689    .ARM.Collect$$_printf_percent$$00000015  c_w.l(_printf_lc.o)
    0x0800022a   0x00000006   Code   RO          690    .ARM.Collect$$_printf_percent$$00000016  c_w.l(_printf_ls.o)
    0x08000230   0x00000004   Code   RO          683    .ARM.Collect$$_printf_percent$$00000017  c_w.l(_printf_percent_end.o)
    0x08000234   0x00000002   Code   RO          791    .ARM.Collect$$libinit$$00000000  c_w.l(libinit.o)
    0x08000236   0x00000000   Code   RO          802    .ARM.Collect$$libinit$$00000002  c_w.l(libinit2.o)
    0x08000236   0x00000000   Code   RO          804    .ARM.Collect$$libinit$$00000004  c_w.l(libinit2.o)
    0x08000236   0x00000000   Code   RO          807    .ARM.Collect$$libinit$$0000000A  c_w.l(libinit2.o)
    0x08000236   0x00000000   Code   RO          809    .ARM.Collect$$libinit$$0000000C  c_w.l(libinit2.o)
    0x08000236   0x00000000   Code   RO          811    .ARM.Collect$$libinit$$0000000E  c_w.l(libinit2.o)
    0x08000236   0x00000006   Code   RO          812    .ARM.Collect$$libinit$$0000000F  c_w.l(libinit2.o)
    0x0800023c   0x00000000   Code   RO          814    .ARM.Collect$$libinit$$00000011  c_w.l(libinit2.o)
    0x0800023c   0x0000000c   Code   RO          815    .ARM.Collect$$libinit$$00000012  c_w.l(libinit2.o)
    0x08000248   0x00000000   Code   RO          816    .ARM.Collect$$libinit$$00000013  c_w.l(libinit2.o)
    0x08000248   0x00000000   Code   RO          818    .ARM.Collect$$libinit$$00000015  c_w.l(libinit2.o)
    0x08000248   0x0000000a   Code   RO          819    .ARM.Collect$$libinit$$00000016  c_w.l(libinit2.o)
    0x08000252   0x00000000   Code   RO          820    .ARM.Collect$$libinit$$00000017  c_w.l(libinit2.o)
    0x08000252   0x00000000   Code   RO          822    .ARM.Collect$$libinit$$00000019  c_w.l(libinit2.o)
    0x08000252   0x00000000   Code   RO          824    .ARM.Collect$$libinit$$0000001B  c_w.l(libinit2.o)
    0x08000252   0x00000000   Code   RO          826    .ARM.Collect$$libinit$$0000001D  c_w.l(libinit2.o)
    0x08000252   0x00000000   Code   RO          828    .ARM.Collect$$libinit$$0000001F  c_w.l(libinit2.o)
    0x08000252   0x00000000   Code   RO          830    .ARM.Collect$$libinit$$00000021  c_w.l(libinit2.o)
    0x08000252   0x00000000   Code   RO          832    .ARM.Collect$$libinit$$00000023  c_w.l(libinit2.o)
    0x08000252   0x00000000   Code   RO          834    .ARM.Collect$$libinit$$00000025  c_w.l(libinit2.o)
    0x08000252   0x00000000   Code   RO          838    .ARM.Collect$$libinit$$0000002C  c_w.l(libinit2.o)
    0x08000252   0x00000000   Code   RO          840    .ARM.Collect$$libinit$$0000002E  c_w.l(libinit2.o)
    0x08000252   0x00000000   Code   RO          842    .ARM.Collect$$libinit$$00000030  c_w.l(libinit2.o)
    0x08000252   0x00000000   Code   RO          844    .ARM.Collect$$libinit$$00000032  c_w.l(libinit2.o)
    0x08000252   0x00000002   Code   RO          845    .ARM.Collect$$libinit$$00000033  c_w.l(libinit2.o)
    0x08000254   0x00000002   Code   RO          863    .ARM.Collect$$libshutdown$$00000000  c_w.l(libshutdown.o)
    0x08000256   0x00000000   Code   RO          873    .ARM.Collect$$libshutdown$$00000002  c_w.l(libshutdown2.o)
    0x08000256   0x00000000   Code   RO          875    .ARM.Collect$$libshutdown$$00000004  c_w.l(libshutdown2.o)
    0x08000256   0x00000000   Code   RO          878    .ARM.Collect$$libshutdown$$00000007  c_w.l(libshutdown2.o)
    0x08000256   0x00000000   Code   RO          881    .ARM.Collect$$libshutdown$$0000000A  c_w.l(libshutdown2.o)
    0x08000256   0x00000000   Code   RO          883    .ARM.Collect$$libshutdown$$0000000C  c_w.l(libshutdown2.o)
    0x08000256   0x00000000   Code   RO          886    .ARM.Collect$$libshutdown$$0000000F  c_w.l(libshutdown2.o)
    0x08000256   0x00000002   Code   RO          887    .ARM.Collect$$libshutdown$$00000010  c_w.l(libshutdown2.o)
    0x08000258   0x00000000   Code   RO          643    .ARM.Collect$$rtentry$$00000000  c_w.l(__rtentry.o)
    0x08000258   0x00000000   Code   RO          709    .ARM.Collect$$rtentry$$00000002  c_w.l(__rtentry2.o)
    0x08000258   0x00000006   Code   RO          721    .ARM.Collect$$rtentry$$00000004  c_w.l(__rtentry4.o)
    0x0800025e   0x00000000   Code   RO          711    .ARM.Collect$$rtentry$$00000009  c_w.l(__rtentry2.o)
    0x0800025e   0x00000004   Code   RO          712    .ARM.Collect$$rtentry$$0000000A  c_w.l(__rtentry2.o)
    0x08000262   0x00000000   Code   RO          714    .ARM.Collect$$rtentry$$0000000C  c_w.l(__rtentry2.o)
    0x08000262   0x00000008   Code   RO          715    .ARM.Collect$$rtentry$$0000000D  c_w.l(__rtentry2.o)
    0x0800026a   0x00000002   Code   RO          796    .ARM.Collect$$rtexit$$00000000  c_w.l(rtexit.o)
    0x0800026c   0x00000000   Code   RO          847    .ARM.Collect$$rtexit$$00000002  c_w.l(rtexit2.o)
    0x0800026c   0x00000004   Code   RO          848    .ARM.Collect$$rtexit$$00000003  c_w.l(rtexit2.o)
    0x08000270   0x00000006   Code   RO          849    .ARM.Collect$$rtexit$$00000004  c_w.l(rtexit2.o)
    0x08000276   0x00000002   PAD
    0x08000278   0x00000908   Code   RO            1    .text               main.o
    0x08000b80   0x0000001a   Code   RO          110    .text               stm32f10x_it.o
    0x08000b9a   0x00000002   PAD
    0x08000b9c   0x000001e0   Code   RO          142    .text               system_stm32f10x.o
    0x08000d7c   0x00000050   Code   RO          160    .text               led.o
    0x08000dcc   0x00005846   Code   RO          172    .text               lcd.o
    0x08006612   0x00000002   PAD
    0x08006614   0x000000fc   Code   RO          202    .text               key.o
    0x08006710   0x00000264   Code   RO          215    .text               hc05.o
    0x08006974   0x00000278   Code   RO          231    .text               usart2.o
    0x08006bec   0x00000258   Code   RO          257    .text               myiic.o
    0x08006e44   0x0000017a   Code   RO          269    .text               24cxx.o
    0x08006fbe   0x00000002   PAD
    0x08006fc0   0x00000260   Code   RO          281    .text               ctiic.o
    0x08007220   0x0000036c   Code   RO          296    .text               ott2001a.o
    0x0800758c   0x00000ca4   Code   RO          312    .text               touch.o
    0x08008230   0x000003e4   Code   RO          332    .text               gt9147.o
    0x08008614   0x00000334   Code   RO          348    .text               ft5206.o
    0x08008948   0x000000d4   Code   RO          364    .text               delay.o
    0x08008a1c   0x00000390   Code   RO          395    .text               usart.o
    0x08008dac   0x00000040   Code   RO          432    .text               startup_stm32f10x_hd.o
    0x08008dec   0x0000035c   Code   RO          436    .text               stm32f10x_gpio.o
    0x08009148   0x000003a4   Code   RO          448    .text               stm32f10x_rcc.o
    0x080094ec   0x00000408   Code   RO          462    .text               stm32f10x_usart.o
    0x080098f4   0x000000dc   Code   RO          474    .text               misc.o
    0x080099d0   0x00000254   Code   RO          486    .text               stm32f10x_dma.o
    0x08009c24   0x00000e1a   Code   RO          498    .text               stm32f10x_tim.o
    0x0800aa3e   0x00000002   Code   RO          512    .text               c_w.l(use_no_semi_2.o)
    0x0800aa40   0x00000024   Code   RO          514    .text               c_w.l(c89vsprintf.o)
    0x0800aa64   0x00000018   Code   RO          516    .text               c_w.l(__2printf.o)
    0x0800aa7c   0x0000002c   Code   RO          518    .text               c_w.l(__2sprintf.o)
    0x0800aaa8   0x00000052   Code   RO          526    .text               c_w.l(_printf_str.o)
    0x0800aafa   0x00000002   PAD
    0x0800aafc   0x00000078   Code   RO          528    .text               c_w.l(_printf_dec.o)
    0x0800ab74   0x00000094   Code   RO          548    .text               c_w.l(_printf_hex_int_ll_ptr.o)
    0x0800ac08   0x00000188   Code   RO          568    .text               c_w.l(__printf_flags_ss_wp.o)
    0x0800ad90   0x0000003e   Code   RO          575    .text               c_w.l(strlen.o)
    0x0800adce   0x00000002   PAD
    0x0800add0   0x00000080   Code   RO          577    .text               c_w.l(strcmpv7m.o)
    0x0800ae50   0x00000006   Code   RO          579    .text               c_w.l(heapauxi.o)
    0x0800ae56   0x00000002   Code   RO          641    .text               c_w.l(use_no_semi.o)
    0x0800ae58   0x00000016   Code   RO          644    .text               c_w.l(_rserrno.o)
    0x0800ae6e   0x0000004e   Code   RO          646    .text               c_w.l(_printf_pad.o)
    0x0800aebc   0x00000024   Code   RO          648    .text               c_w.l(_printf_truncate.o)
    0x0800aee0   0x000000b2   Code   RO          650    .text               c_w.l(_printf_intcommon.o)
    0x0800af92   0x00000028   Code   RO          652    .text               c_w.l(_printf_charcount.o)
    0x0800afba   0x00000002   PAD
    0x0800afbc   0x00000030   Code   RO          654    .text               c_w.l(_printf_char_common.o)
    0x0800afec   0x0000000a   Code   RO          656    .text               c_w.l(_sputc.o)
    0x0800aff6   0x0000002c   Code   RO          658    .text               c_w.l(_printf_char.o)
    0x0800b022   0x00000002   PAD
    0x0800b024   0x00000024   Code   RO          660    .text               c_w.l(_printf_char_file.o)
    0x0800b048   0x000000bc   Code   RO          662    .text               c_w.l(_printf_wctomb.o)
    0x0800b104   0x0000007c   Code   RO          665    .text               c_w.l(_printf_longlong_dec.o)
    0x0800b180   0x00000070   Code   RO          671    .text               c_w.l(_printf_oct_int_ll.o)
    0x0800b1f0   0x00000008   Code   RO          726    .text               c_w.l(rt_errno_addr_intlibspace.o)
    0x0800b1f8   0x0000008a   Code   RO          728    .text               c_w.l(lludiv10.o)
    0x0800b282   0x0000041a   Code   RO          730    .text               c_w.l(_printf_fp_dec.o)
    0x0800b69c   0x0000002c   Code   RO          734    .text               c_w.l(_printf_wchar.o)
    0x0800b6c8   0x00000008   Code   RO          736    .text               c_w.l(ferror.o)
    0x0800b6d0   0x00000040   Code   RO          740    .text               c_w.l(_wcrtomb.o)
    0x0800b710   0x00000008   Code   RO          742    .text               c_w.l(libspace.o)
    0x0800b718   0x0000004a   Code   RO          745    .text               c_w.l(sys_stackheap_outer.o)
    0x0800b762   0x00000002   PAD
    0x0800b764   0x00000010   Code   RO          747    .text               c_w.l(rt_ctype_table.o)
    0x0800b774   0x00000008   Code   RO          752    .text               c_w.l(rt_locale_intlibspace.o)
    0x0800b77c   0x00000080   Code   RO          754    .text               c_w.l(_printf_fp_infnan.o)
    0x0800b7fc   0x000000dc   Code   RO          756    .text               c_w.l(bigflt0.o)
    0x0800b8d8   0x00000012   Code   RO          784    .text               c_w.l(exit.o)
    0x0800b8ea   0x0000003e   Code   RO          759    CL$$btod_d2e        c_w.l(btod.o)
    0x0800b928   0x00000046   Code   RO          761    CL$$btod_d2e_denorm_low  c_w.l(btod.o)
    0x0800b96e   0x00000060   Code   RO          760    CL$$btod_d2e_norm_op1  c_w.l(btod.o)
    0x0800b9ce   0x00000338   Code   RO          769    CL$$btod_div_common  c_w.l(btod.o)
    0x0800bd06   0x000000c6   Code   RO          766    CL$$btod_e2e        c_w.l(btod.o)
    0x0800bdcc   0x00000028   Code   RO          763    CL$$btod_ediv       c_w.l(btod.o)
    0x0800bdf4   0x00000028   Code   RO          762    CL$$btod_emul       c_w.l(btod.o)
    0x0800be1c   0x00000244   Code   RO          768    CL$$btod_mult_common  c_w.l(btod.o)
    0x0800c060   0x00000028   Code   RO          794    i.__ARM_fpclassify  m_ws.l(fpclassify.o)
    0x0800c088   0x0000000e   Code   RO          561    i._is_digit         c_w.l(__printf_wp.o)
    0x0800c096   0x0000004c   Code   RO          634    i.sqrt              m_ws.l(sqrt.o)
    0x0800c0e2   0x00000002   PAD
    0x0800c0e4   0x0000002c   Code   RO          782    locale$$code        c_w.l(lc_numeric_c.o)
    0x0800c110   0x0000002c   Code   RO          799    locale$$code        c_w.l(lc_ctype_c.o)
    0x0800c13c   0x00000150   Code   RO          583    x$fpl$dadd          fz_ws.l(daddsub_clz.o)
    0x0800c28c   0x00000018   Code   RO          693    x$fpl$dcmpinf       fz_ws.l(dcmpi.o)
    0x0800c2a4   0x0000005a   Code   RO          589    x$fpl$dfixu         fz_ws.l(dfixu.o)
    0x0800c2fe   0x0000002e   Code   RO          594    x$fpl$dflt          fz_ws.l(dflt_clz.o)
    0x0800c32c   0x00000026   Code   RO          593    x$fpl$dfltu         fz_ws.l(dflt_clz.o)
    0x0800c352   0x00000002   PAD
    0x0800c354   0x00000078   Code   RO          599    x$fpl$dleqf         fz_ws.l(dleqf.o)
    0x0800c3cc   0x00000154   Code   RO          601    x$fpl$dmul          fz_ws.l(dmul.o)
    0x0800c520   0x0000009c   Code   RO          695    x$fpl$dnaninf       fz_ws.l(dnaninf.o)
    0x0800c5bc   0x0000000c   Code   RO          697    x$fpl$dretinf       fz_ws.l(dretinf.o)
    0x0800c5c8   0x0000006c   Code   RO          603    x$fpl$drleqf        fz_ws.l(drleqf.o)
    0x0800c634   0x00000016   Code   RO          584    x$fpl$drsb          fz_ws.l(daddsub_clz.o)
    0x0800c64a   0x00000002   PAD
    0x0800c64c   0x000001cc   Code   RO          699    x$fpl$dsqrt         fz_ws.l(dsqrt_noumaal.o)
    0x0800c818   0x000001d4   Code   RO          585    x$fpl$dsub          fz_ws.l(daddsub_clz.o)
    0x0800c9ec   0x00000056   Code   RO          605    x$fpl$f2d           fz_ws.l(f2d.o)
    0x0800ca42   0x00000002   PAD
    0x0800ca44   0x000000c4   Code   RO          607    x$fpl$fadd          fz_ws.l(faddsub_clz.o)
    0x0800cb08   0x00000184   Code   RO          614    x$fpl$fdiv          fz_ws.l(fdiv.o)
    0x0800cc8c   0x00000036   Code   RO          617    x$fpl$ffix          fz_ws.l(ffix.o)
    0x0800ccc2   0x00000002   PAD
    0x0800ccc4   0x0000003e   Code   RO          621    x$fpl$ffixu         fz_ws.l(ffixu.o)
    0x0800cd02   0x00000002   PAD
    0x0800cd04   0x00000030   Code   RO          626    x$fpl$fflt          fz_ws.l(fflt_clz.o)
    0x0800cd34   0x00000026   Code   RO          625    x$fpl$ffltu         fz_ws.l(fflt_clz.o)
    0x0800cd5a   0x00000002   PAD
    0x0800cd5c   0x00000102   Code   RO          631    x$fpl$fmul          fz_ws.l(fmul.o)
    0x0800ce5e   0x0000008c   Code   RO          701    x$fpl$fnaninf       fz_ws.l(fnaninf.o)
    0x0800ceea   0x0000000a   Code   RO          703    x$fpl$fretinf       fz_ws.l(fretinf.o)
    0x0800cef4   0x000000ea   Code   RO          609    x$fpl$fsub          fz_ws.l(faddsub_clz.o)
    0x0800cfde   0x00000004   Code   RO          705    x$fpl$printf1       fz_ws.l(printf1.o)
    0x0800cfe2   0x00000000   Code   RO          707    x$fpl$usenofp       fz_ws.l(usenofp.o)
    0x0800cfe2   0x000017c0   Data   RO          174    .constdata          lcd.o
    0x0800e7a2   0x0000000a   Data   RO          297    .constdata          ott2001a.o
    0x0800e7ac   0x0000000c   Data   RO          313    .constdata          touch.o
    0x0800e7b8   0x000000c2   Data   RO          333    .constdata          gt9147.o
    0x0800e87a   0x0000000a   Data   RO          349    .constdata          ft5206.o
    0x0800e884   0x00000028   Data   RO          549    .constdata          c_w.l(_printf_hex_int_ll_ptr.o)
    0x0800e8ac   0x00000011   Data   RO          569    .constdata          c_w.l(__printf_flags_ss_wp.o)
    0x0800e8bd   0x00000003   PAD
    0x0800e8c0   0x00000008   Data   RO          663    .constdata          c_w.l(_printf_wctomb.o)
    0x0800e8c8   0x00000094   Data   RO          757    .constdata          c_w.l(bigflt0.o)
    0x0800e95c   0x00000079   Data   RO          314    .conststring        touch.o
    0x0800e9d5   0x00000003   PAD
    0x0800e9d8   0x00000020   Data   RO          919    Region$$Table       anon$$obj.o
    0x0800e9f8   0x0000001c   Data   RO          781    locale$$data        c_w.l(lc_numeric_c.o)
    0x0800ea14   0x00000110   Data   RO          798    locale$$data        c_w.l(lc_ctype_c.o)


    Execution Region RW_IRAM1 (Base: 0x20000000, Size: 0x00000988, Max: 0x0000c000, ABSOLUTE)

    Base Addr    Size         Type   Attr      Idx    E Section Name        Object

    0x20000000   0x00000024   Data   RW            3    .data               main.o
    0x20000024   0x00000014   Data   RW          143    .data               system_stm32f10x.o
    0x20000038   0x00000004   Data   RW          175    .data               lcd.o
    0x2000003c   0x00000001   Data   RW          203    .data               key.o
    0x2000003d   0x00000001   PAD
    0x2000003e   0x00000002   Data   RW          233    .data               usart2.o
    0x20000040   0x00000001   Data   RW          298    .data               ott2001a.o
    0x20000041   0x00000003   PAD
    0x20000044   0x0000003c   Data   RW          315    .data               touch.o
    0x20000080   0x00000001   Data   RW          334    .data               gt9147.o
    0x20000081   0x00000001   Data   RW          350    .data               ft5206.o
    0x20000082   0x00000004   Data   RW          365    .data               delay.o
    0x20000086   0x00000002   PAD
    0x20000088   0x00000006   Data   RW          397    .data               usart.o
    0x2000008e   0x00000014   Data   RW          449    .data               stm32f10x_rcc.o
    0x200000a2   0x00000002   PAD
    0x200000a4   0x0000001e   Zero   RW            2    .bss                main.o
    0x200000c2   0x0000000e   Zero   RW          173    .bss                lcd.o
    0x200000d0   0x00000190   Zero   RW          232    .bss                usart2.o
    0x20000260   0x000000c8   Zero   RW          396    .bss                usart.o
    0x20000328   0x00000060   Zero   RW          743    .bss                c_w.l(libspace.o)
    0x20000388   0x00000200   Zero   RW          430    HEAP                startup_stm32f10x_hd.o
    0x20000588   0x00000400   Zero   RW          429    STACK               startup_stm32f10x_hd.o


==============================================================================

Image component sizes


      Code (inc. data)   RO Data    RW Data    ZI Data      Debug   Object Name

       378          0          0          0          0       2950   24cxx.o
       608         18          0          0          0       2097   ctiic.o
       212         18          0          4          0       1191   delay.o
       820         36         10          1          0       2755   ft5206.o
       996         70        194          1          0       3158   gt9147.o
       612         62          0          0          0       2292   hc05.o
       252         16          0          1          0        912   key.o
     22598        208       6080          4         14      25387   lcd.o
        80          8          0          0          0        571   led.o
      2312        586          0         36         30     266427   main.o
       220         22          0          0          0       1949   misc.o
       600         12          0          0          0       1952   myiic.o
       876         56         10          1          0       2927   ott2001a.o
        64         26        304          0       1536        848   startup_stm32f10x_hd.o
       596          8          0          0          0       4514   stm32f10x_dma.o
       860         38          0          0          0       5881   stm32f10x_gpio.o
        26          0          0          0          0       1254   stm32f10x_it.o
       932         36          0         20          0       9136   stm32f10x_rcc.o
      3610         88          0          0          0      22992   stm32f10x_tim.o
      1032         22          0          0          0       8608   stm32f10x_usart.o
         0          0          0          0          0         32   sys.o
       480         38          0         20          0       1959   system_stm32f10x.o
      3236        202        133         60          0       7035   touch.o
       912        158          0          6        200       4860   usart.o
       632         30          0          2        400       3945   usart2.o

    ----------------------------------------------------------------------
     42950       1758       6766        164       2180     385632   Object Totals
         0          0         32          0          0          0   (incl. Generated)
         6          0          3          8          0          0   (incl. Padding)

    ----------------------------------------------------------------------

      Code (inc. data)   RO Data    RW Data    ZI Data      Debug   Library Member Name

        24          4          0          0          0         84   __2printf.o
        44          6          0          0          0         84   __2sprintf.o
         8          0          0          0          0         68   __main.o
       392          4         17          0          0         92   __printf_flags_ss_wp.o
        14          0          0          0          0         68   __printf_wp.o
         0          0          0          0          0          0   __rtentry.o
        12          0          0          0          0          0   __rtentry2.o
         6          0          0          0          0          0   __rtentry4.o
        52          8          0          0          0          0   __scatter.o
        26          0          0          0          0          0   __scatter_copy.o
        28          0          0          0          0          0   __scatter_zi.o
         6          0          0          0          0          0   _printf_a.o
         6          0          0          0          0          0   _printf_c.o
        44          0          0          0          0        108   _printf_char.o
        48          6          0          0          0         96   _printf_char_common.o
        36          4          0          0          0         80   _printf_char_file.o
        40          0          0          0          0         68   _printf_charcount.o
         6          0          0          0          0          0   _printf_d.o
       120         16          0          0          0         92   _printf_dec.o
         6          0          0          0          0          0   _printf_e.o
         6          0          0          0          0          0   _printf_f.o
      1050          0          0          0          0        216   _printf_fp_dec.o
       128         16          0          0          0         84   _printf_fp_infnan.o
         6          0          0          0          0          0   _printf_g.o
       148          4         40          0          0        160   _printf_hex_int_ll_ptr.o
         6          0          0          0          0          0   _printf_i.o
       178          0          0          0          0         88   _printf_intcommon.o
        10          0          0          0          0          0   _printf_l.o
         6          0          0          0          0          0   _printf_lc.o
        10          0          0          0          0          0   _printf_ll.o
         6          0          0          0          0          0   _printf_lld.o
         6          0          0          0          0          0   _printf_lli.o
         6          0          0          0          0          0   _printf_llo.o
         6          0          0          0          0          0   _printf_llu.o
         6          0          0          0          0          0   _printf_llx.o
       124         16          0          0          0         92   _printf_longlong_dec.o
         6          0          0          0          0          0   _printf_ls.o
         6          0          0          0          0          0   _printf_n.o
         6          0          0          0          0          0   _printf_o.o
       112          8          0          0          0        124   _printf_oct_int_ll.o
         6          0          0          0          0          0   _printf_p.o
        78          0          0          0          0        108   _printf_pad.o
         0          0          0          0          0          0   _printf_percent.o
         4          0          0          0          0          0   _printf_percent_end.o
         6          0          0          0          0          0   _printf_s.o
        82          0          0          0          0         80   _printf_str.o
        36          0          0          0          0         84   _printf_truncate.o
         6          0          0          0          0          0   _printf_u.o
        44          0          0          0          0        108   _printf_wchar.o
       188          6          8          0          0         92   _printf_wctomb.o
         6          0          0          0          0          0   _printf_x.o
        22          0          0          0          0        100   _rserrno.o
        10          0          0          0          0         68   _sputc.o
        64          0          0          0          0         92   _wcrtomb.o
       220          4        148          0          0         96   bigflt0.o
      1910        128          0          0          0        672   btod.o
        36          4          0          0          0         76   c89vsprintf.o
        18          0          0          0          0         80   exit.o
         8          0          0          0          0         68   ferror.o
         6          0          0          0          0        152   heapauxi.o
        44         10        272          0          0         76   lc_ctype_c.o
        44         10         28          0          0         76   lc_numeric_c.o
         2          0          0          0          0          0   libinit.o
        30          0          0          0          0          0   libinit2.o
         2          0          0          0          0          0   libshutdown.o
         2          0          0          0          0          0   libshutdown2.o
         8          4          0          0         96         68   libspace.o
       138          0          0          0          0         80   lludiv10.o
        16          4          0          0          0         76   rt_ctype_table.o
         8          4          0          0          0         68   rt_errno_addr_intlibspace.o
         8          4          0          0          0         68   rt_locale_intlibspace.o
         2          0          0          0          0          0   rtexit.o
        10          0          0          0          0          0   rtexit2.o
       128          0          0          0          0         68   strcmpv7m.o
        62          0          0          0          0         76   strlen.o
        74          0          0          0          0         80   sys_stackheap_outer.o
         2          0          0          0          0         68   use_no_semi.o
         2          0          0          0          0         68   use_no_semi_2.o
       826         16          0          0          0        348   daddsub_clz.o
        24          0          0          0          0         68   dcmpi.o
        90          4          0          0          0         92   dfixu.o
        84          0          0          0          0        136   dflt_clz.o
       120          4          0          0          0         92   dleqf.o
       340         12          0          0          0        104   dmul.o
       156          4          0          0          0         92   dnaninf.o
        12          0          0          0          0         68   dretinf.o
       108          0          0          0          0         80   drleqf.o
       460         56          0          0          0        120   dsqrt_noumaal.o
        86          4          0          0          0         84   f2d.o
       430          8          0          0          0        168   faddsub_clz.o
       388         76          0          0          0         96   fdiv.o
        54          4          0          0          0         84   ffix.o
        62          4          0          0          0         84   ffixu.o
        86          0          0          0          0        136   fflt_clz.o
       258          4          0          0          0         84   fmul.o
       140          4          0          0          0         84   fnaninf.o
        10          0          0          0          0         68   fretinf.o
         4          0          0          0          0         68   printf1.o
         0          0          0          0          0          0   usenofp.o
        40          0          0          0          0         68   fpclassify.o
        76          0          0          0          0         84   sqrt.o

    ----------------------------------------------------------------------
      9964        470        516          0         96       6660   Library Totals
        28          0          3          0          0          0   (incl. Padding)

    ----------------------------------------------------------------------

      Code (inc. data)   RO Data    RW Data    ZI Data      Debug   Library Name

      6082        270        513          0         96       4352   c_w.l
      3738        200          0          0          0       2156   fz_ws.l
       116          0          0          0          0        152   m_ws.l

    ----------------------------------------------------------------------
      9964        470        516          0         96       6660   Library Totals

    ----------------------------------------------------------------------

==============================================================================


      Code (inc. data)   RO Data    RW Data    ZI Data      Debug   

     52914       2228       7282        164       2276     386776   Grand Totals
     52914       2228       7282        164       2276     386776   ELF Image Totals
     52914       2228       7282        164          0          0   ROM Totals

==============================================================================

    Total RO  Size (Code + RO Data)                60196 (  58.79kB)
    Total RW  Size (RW Data + ZI Data)              2440 (   2.38kB)
    Total ROM Size (Code + RO Data + RW Data)      60360 (  58.95kB)

==============================================================================

