<html>
<body>
<pre>
<h1>礦ision Build Log</h1>
<h2>Tool Versions:</h2>
IDE-Version: μVision V5.21.1.0
Copyright (C) 2016 ARM Ltd and ARM Germany GmbH. All rights reserved.
License Information: a a, a, LIC=KIVFW-Q1BAJ-C16PU-STLPA-XSR40-7JYND
 
Tool Versions:
Toolchain:       MDK-ARM Professional  Version: 5.21a
Toolchain Path:  C:\Keil_v5\ARM\ARMCC\Bin
C Compiler:      Armcc.exe V5.06 update 3 (build 300)
Assembler:       Armasm.exe V5.06 update 3 (build 300)
Linker/Locator:  ArmLink.exe V5.06 update 3 (build 300)
Library Manager: ArmAr.exe V5.06 update 3 (build 300)
Hex Converter:   FromElf.exe V5.06 update 3 (build 300)
CPU DLL:         SARMCM3.DLL V5.21a
Dialog DLL:      DCM.DLL V1.13.8.0
Target DLL:      Segger\JL2CM3.dll V2.99.23.0
Dialog DLL:      TCM.DLL V1.14.14.0
 
<h2>Project:</h2>
C:\Users\23276\Desktop\fa\发题机\（库函数版本，适合MiniSTM32开发板）扩展实验11 ATK-HC05蓝牙串口模块实验\USER\HC05.uvprojx
Project File Date:  12/15/2021

<h2>Output:</h2>
*** Using Compiler 'V5.06 update 3 (build 300)', folder: 'C:\Keil_v5\ARM\ARMCC\Bin'
Rebuild target 'ATK-HC05'
compiling key.c...
compiling myiic.c...
compiling usart2.c...
compiling led.c...
compiling stm32f10x_it.c...
compiling hc05.c...
compiling system_stm32f10x.c...
compiling ctiic.c...
compiling 24cxx.c...
compiling main.c...
main.c(58): warning:  #177-D: variable "k" was declared but never referenced
  	int k;
main.c(63): warning:  #177-D: variable "sendbuf" was declared but never referenced
  	u8 sendbuf[20];	  
main.c(64): warning:  #177-D: variable "buf" was declared but never referenced
  	u8 buf[100];
main.c(65): warning:  #177-D: variable "send" was declared but never referenced
  	u8 send;
main.c: 4 warnings, 0 errors
assembling startup_stm32f10x_hd.s...
compiling touch.c...
compiling ott2001a.c...
compiling lcd.c...
compiling delay.c...
compiling ft5206.c...
compiling gt9147.c...
compiling core_cm3.c...
compiling sys.c...
compiling usart.c...
compiling stm32f10x_gpio.c...
compiling stm32f10x_rcc.c...
compiling stm32f10x_usart.c...
compiling misc.c...
compiling stm32f10x_dma.c...
compiling stm32f10x_tim.c...
linking...
Program Size: Code=52914 RO-data=7282 RW-data=164 ZI-data=2276  
FromELF: creating hex file...
"..\OBJ\ATK-HC05.axf" - 0 Error(s), 4 Warning(s).

<h2>Collection of Component include folders:</h2>
  C:\Users\23276\Desktop\fa\发题机\（库函数版本，适合MiniSTM32开发板）扩展实验11 ATK-HC05蓝牙串口模块实验\USER\RTE
  C:\Keil_v5\ARM\PACK\Keil\STM32F1xx_DFP\2.2.0\Device\Include

<h2>Collection of Component Files used:</h2>
Build Time Elapsed:  00:00:06
</pre>
</body>
</html>
